Laurent checks: {
 "(zeta'/zeta)'(1+eps)-1/eps^2 at eps=0.001": "-0.187442899813",
 "(zeta'/zeta)'''(1+eps)-6/eps^4 at eps=0.001": "-0.0884014522346",
 "(zeta'/zeta)'(1+eps)-1/eps^2 at eps=0.0005": "-0.18749455527",
 "(zeta'/zeta)'''(1+eps)-6/eps^4 at eps=0.0005": "-0.0884556809129",
 "predicted limits": {
  "-2c2 = -(2 gamma_1 + gamma_0^2)": "0.18754623284",
  "24 c4": "-0.0885099529527",
  "check -(2g1+g0^2)": "-0.18754623284"
 }
}
constants: {
 "C": 0.9991235509861024,
 "GpG": 0.0021515473420658997,
 "GppG": -0.006836678834645895,
 "kappa1": 0.6588947038522545,
 "kappa2": 0.10695749337111726,
 "R1": 2.3675579589112705,
 "R2": -0.06309416691740256,
 "h2(1)": -2.180011726070905,
 "pi0": -2.5434630641358544,
 "gamma0": 0.5772156649015329,
 "gamma1": -0.07281584548367673,
 "P": 10000000
}
x=10^3: S0: rel1 +0.1090 rel2 +0.00040 rel3 +0.000079 scaled3 +0.0272 | S1: rel1 +0.1247 rel2 -0.13440 rel3 +0.124582 scaled3 +6.5327 | S2: rel1 +0.3346 rel2 -0.10435 rel3 +0.093738 scaled3 +2.0136
x=10^4: S0: rel1 +0.0816 rel2 +0.00019 rel3 +0.000006 scaled3 +0.0048 | S1: rel1 +0.1059 rel2 -0.09680 rel3 +0.047129 scaled3 +6.1863 | S2: rel1 +0.2701 rel2 -0.07128 rel3 +0.044679 scaled3 +2.2666
x=10^5: S0: rel1 +0.0652 rel2 +0.00012 rel3 +0.000000 scaled3 +0.0004 | S1: rel1 +0.0946 rel2 -0.07202 rel3 +0.021238 scaled3 +5.5259 | S2: rel1 +0.2271 rel2 -0.05172 rel3 +0.025254 scaled3 +2.4635
x=10^6: S0: rel1 +0.0544 rel2 +0.00008 rel3 +0.000000 scaled3 +0.0002 | S1: rel1 +0.0862 rel2 -0.05523 rel3 +0.010519 scaled3 +4.7426 | S2: rel1 +0.1962 rel2 -0.03919 rel3 +0.015859 scaled3 +2.6301
x=10^7: S0: rel1 +0.0466 rel2 +0.00006 rel3 -0.000000 scaled3 -0.0001 | S1: rel1 +0.0792 rel2 -0.04352 rel3 +0.005456 scaled3 +3.9008 | S2: rel1 +0.1728 rel2 -0.03079 rel3 +0.010609 scaled3 +2.7534
done 15.9s
