   predict 1e7: actual=-0.0312416 fit2(1e4-1e6)=-0.0312390 (err -2.6e-06) fit1(1e4-1e6)=-0.0313031 (err +6.2e-05)
--- fixed/full: continuum = -0.014662375473370598
   fit1_1e3_1e4_1e5   J_inf=-0.016153 c=-0.2477 resid=6.6e-05
   fit2_1e3_1e4_1e5   J_inf=-0.014464 c=-0.2779 c2=+0.129 resid=6.9e-18
   fit1_1e4_1e5_1e6   J_inf=-0.015539 c=-0.2541 resid=2.1e-05
   fit2_1e4_1e5_1e6   J_inf=-0.014701 c=-0.2730 c2=+0.104 resid=6.9e-18
   fit1_all           J_inf=-0.015777 c=-0.2508 resid=1.1e-04
   fit2_all           J_inf=-0.014609 c=-0.2754 c2=+0.118 resid=5.2e-06
   fit2_1e5_1e6_1e7   J_inf=-0.014764 c=-0.2714 c2=+0.094 resid=2.8e-17
   predict 1e7: actual=-0.0846320 fit2(1e4-1e6)=-0.0848057 (err +1.7e-04) fit1(1e4-1e6)=-0.0868280 (err +2.2e-03)
--- fixed/clean: continuum = -0.014662375473370598
   fit1_1e3_1e4_1e5   J_inf=-0.064798 c=-0.4325 resid=1.2e-03
   fit2_1e3_1e4_1e5   J_inf=-0.033572 c=-0.9904 c2=+2.386 resid=8.3e-17
   fit1_1e4_1e5_1e6   J_inf=-0.051600 c=-0.5678 resid=6.8e-04
   fit2_1e4_1e5_1e6   J_inf=-0.025166 c=-1.1646 c2=+3.277 resid=9.7e-17
   fit1_all           J_inf=-0.055702 c=-0.5055 resid=2.4e-03
   fit2_all           J_inf=-0.028098 c=-1.0871 c2=+2.795 resid=2.0e-04
   fit2_1e5_1e6_1e7   J_inf=-0.020910 c=-1.2724 c2=+3.954 resid=4.0e-16
   predict 1e7: actual=-0.0400738 fit2(1e4-1e6)=-0.0400734 (err -3.2e-07) fit1(1e4-1e6)=-0.0401906 (err +1.2e-04)
--- massonly/full: continuum = -0.021565258857184827
   fit1_1e3_1e4_1e5   J_inf=-0.024111 c=-0.2649 resid=1.0e-04
   fit2_1e3_1e4_1e5   J_inf=-0.021479 c=-0.3120 c2=+0.201 resid=1.4e-17
   fit1_1e4_1e5_1e6   J_inf=-0.023117 c=-0.2752 resid=3.9e-05
   fit2_1e4_1e5_1e6   J_inf=-0.021585 c=-0.3098 c2=+0.190 resid=2.8e-17
   fit1_all           J_inf=-0.023482 c=-0.2700 resid=1.8e-04
   fit2_all           J_inf=-0.021540 c=-0.3109 c2=+0.197 resid=2.2e-06
   fit2_1e5_1e6_1e7   J_inf=-0.021593 c=-0.3096 c2=+0.189 resid=6.9e-17
   predict 1e7: actual=-0.0920092 fit2(1e4-1e6)=-0.0921981 (err +1.9e-04) fit1(1e4-1e6)=-0.0941584 (err +2.1e-03)
--- massonly/clean: continuum = -0.021565258857184827
   fit1_1e3_1e4_1e5   J_inf=-0.072843 c=-0.4170 resid=1.1e-03
   fit2_1e3_1e4_1e5   J_inf=-0.043554 c=-0.9404 c2=+2.238 resid=5.6e-17
   fit1_1e4_1e5_1e6   J_inf=-0.060323 c=-0.5454 resid=6.6e-04
   fit2_1e4_1e5_1e6   J_inf=-0.034700 c=-1.1238 c2=+3.177 resid=5.6e-17
   fit1_all           J_inf=-0.064140 c=-0.4870 resid=2.3e-03
   fit2_all           J_inf=-0.037764 c=-1.0427 c2=+2.671 resid=2.2e-04
   fit2_1e5_1e6_1e7   J_inf=-0.030072 c=-1.2411 c2=+3.913 resid=4.7e-16
   predict 1e7: actual=-0.0527097 fit2(1e4-1e6)=-0.0527094 (err -3.2e-07) fit1(1e4-1e6)=-0.0528474 (err +1.4e-04)
--- one/full: continuum = -0.03336071184660852
   fit1_1e3_1e4_1e5   J_inf=-0.036335 c=-0.2728 resid=1.2e-04
   fit2_1e3_1e4_1e5   J_inf=-0.033313 c=-0.3268 c2=+0.231 resid=0.0e+00
   fit1_1e4_1e5_1e6   J_inf=-0.035186 c=-0.2847 resid=4.6e-05
   fit2_1e4_1e5_1e6   J_inf=-0.033383 c=-0.3254 c2=+0.224 resid=4.2e-17
   fit1_all           J_inf=-0.035604 c=-0.2787 resid=2.1e-04
   fit2_all           J_inf=-0.033354 c=-0.3261 c2=+0.228 resid=1.4e-06
   fit2_1e5_1e6_1e7   J_inf=-0.033390 c=-0.3252 c2=+0.222 resid=3.5e-17
   predict 1e7: actual=-0.1047752 fit2(1e4-1e6)=-0.1049734 (err +2.0e-04) fit1(1e4-1e6)=-0.1069991 (err +2.2e-03)
--- one/clean: continuum = -0.03336071184660852
   fit1_1e3_1e4_1e5   J_inf=-0.086151 c=-0.4114 resid=1.2e-03
   fit2_1e3_1e4_1e5   J_inf=-0.056218 c=-0.9463 c2=+2.287 resid=2.8e-17
   fit1_1e4_1e5_1e6   J_inf=-0.073307 c=-0.5431 resid=6.8e-04
   fit2_1e4_1e5_1e6   J_inf=-0.046830 c=-1.1408 c2=+3.283 resid=8.3e-17
   fit1_all           J_inf=-0.077201 c=-0.4833 resid=2.4e-03
   fit2_all           J_inf=-0.050087 c=-1.0546 c2=+2.746 resid=2.3e-04
   fit2_1e5_1e6_1e7   J_inf=-0.041973 c=-1.2639 c2=+4.055 resid=4.9e-16
   predict 1e7: actual=-0.0496106 fit2(1e4-1e6)=-0.0496112 (err +6.2e-07) fit1(1e4-1e6)=-0.0497392 (err +1.3e-04)
--- one_ell1/full: continuum = -0.030756482296176363
   fit1_1e3_1e4_1e5   J_inf=-0.033570 c=-0.2668 resid=1.1e-04
   fit2_1e3_1e4_1e5   J_inf=-0.030761 c=-0.3170 c2=+0.215 resid=2.8e-17
   fit1_1e4_1e5_1e6   J_inf=-0.032502 c=-0.2778 resid=4.3e-05
   fit2_1e4_1e5_1e6   J_inf=-0.030830 c=-0.3156 c2=+0.207 resid=4.9e-17
   fit1_all           J_inf=-0.032890 c=-0.2723 resid=2.0e-04
   fit2_all           J_inf=-0.030797 c=-0.3164 c2=+0.212 resid=1.2e-06
   fit2_1e5_1e6_1e7   J_inf=-0.030814 c=-0.3160 c2=+0.210 resid=5.6e-17
   predict 1e7: actual=-0.0982107 fit2(1e4-1e6)=-0.0983773 (err +1.7e-04) fit1(1e4-1e6)=-0.1002830 (err +2.1e-03)
--- one_ell1/clean: continuum = -0.030756482296176363
   fit1_1e3_1e4_1e5   J_inf=-0.078663 c=-0.4205 resid=1.1e-03
   fit2_1e3_1e4_1e5   J_inf=-0.049835 c=-0.9356 c2=+2.203 resid=5.6e-17
   fit1_1e4_1e5_1e6   J_inf=-0.066392 c=-0.5463 resid=6.4e-04
   fit2_1e4_1e5_1e6   J_inf=-0.041483 c=-1.1086 c2=+3.088 resid=6.9e-17
   fit1_all           J_inf=-0.070170 c=-0.4887 resid=2.3e-03
   fit2_all           J_inf=-0.044421 c=-1.0312 c2=+2.607 resid=2.0e-04
   fit2_1e5_1e6_1e7   J_inf=-0.037400 c=-1.2120 c2=+3.738 resid=4.7e-16
   predict 1e7: actual=-0.0320506 fit2(1e4-1e6)=-0.0320506 (err -1.8e-08) fit1(1e4-1e6)=-0.0321556 (err +1.1e-04)
--- deg14/full: continuum = -0.015357981703850332
   fit1_1e3_1e4_1e5   J_inf=-0.017726 c=-0.2377 resid=9.1e-05
   fit2_1e3_1e4_1e5   J_inf=-0.015407 c=-0.2791 c2=+0.177 resid=2.8e-17
   fit1_1e4_1e5_1e6   J_inf=-0.016846 c=-0.2468 resid=3.5e-05
   fit2_1e4_1e5_1e6   J_inf=-0.015472 c=-0.2778 c2=+0.170 resid=3.5e-17
   fit1_all           J_inf=-0.017167 c=-0.2422 resid=1.6e-04
   fit2_all           J_inf=-0.015444 c=-0.2785 c2=+0.174 resid=1.3e-06
   fit2_1e5_1e6_1e7   J_inf=-0.015473 c=-0.2778 c2=+0.170 resid=2.1e-17
   predict 1e7: actual=-0.0845744 fit2(1e4-1e6)=-0.0847893 (err +2.1e-04) fit1(1e4-1e6)=-0.0866206 (err +2.0e-03)
--- deg14/clean: continuum = -0.015357981703850332
   fit1_1e3_1e4_1e5   J_inf=-0.068324 c=-0.3621 resid=1.0e-03
   fit2_1e3_1e4_1e5   J_inf=-0.041920 c=-0.8338 c2=+2.018 resid=2.8e-17
   fit1_1e4_1e5_1e6   J_inf=-0.056895 c=-0.4791 resid=6.1e-04
   fit2_1e4_1e5_1e6   J_inf=-0.032958 c=-1.0195 c2=+2.968 resid=2.8e-17
   fit1_all           J_inf=-0.060289 c=-0.4266 resid=2.2e-03
   fit2_all           J_inf=-0.035960 c=-0.9392 c2=+2.464 resid=2.2e-04
   fit2_1e5_1e6_1e7   J_inf=-0.027693 c=-1.1529 c2=+3.805 resid=4.6e-16
   predict 1e7: actual=+0.0088322 fit2(1e4-1e6)=+0.0088344 (err -2.2e-06) fit1(1e4-1e6)=+0.0088874 (err -5.5e-05)
--- S2 gain (fixed - massonly), full: continuum = 0.006902883383814229
   fit1_1e3_1e4_1e5   J_inf=+0.007958 c=+0.0172 resid=3.7e-05
   fit2_1e3_1e4_1e5   J_inf=+0.007015 c=+0.0341 c2=-0.072 resid=3.5e-18
   fit1_1e4_1e5_1e6   J_inf=+0.007577 c=+0.0211 resid=1.8e-05
   fit2_1e4_1e5_1e6   J_inf=+0.006884 c=+0.0368 c2=-0.086 resid=5.2e-18
   fit1_all           J_inf=+0.007705 c=+0.0192 resid=7.0e-05
   fit2_all           J_inf=+0.006931 c=+0.0355 c2=-0.078 resid=3.1e-06
   fit2_1e5_1e6_1e7   J_inf=+0.006829 c=+0.0382 c2=-0.095 resid=1.4e-17
   predict 1e7: actual=+0.0073772 fit2(1e4-1e6)=+0.0073924 (err -1.5e-05) fit1(1e4-1e6)=+0.0073303 (err +4.7e-05)
--- S2 gain (fixed - massonly), clean: continuum = 0.006902883383814229
   fit1_1e3_1e4_1e5   J_inf=+0.008045 c=-0.0154 resid=7.6e-05
   fit2_1e3_1e4_1e5   J_inf=+0.009982 c=-0.0500 c2=+0.148 resid=1.7e-18
   fit1_1e4_1e5_1e6   J_inf=+0.008723 c=-0.0225 resid=2.1e-05
   fit2_1e4_1e5_1e6   J_inf=+0.009534 c=-0.0408 c2=+0.101 resid=8.7e-19
   fit1_all           J_inf=+0.008438 c=-0.0186 resid=1.3e-04
   fit2_all           J_inf=+0.009665 c=-0.0444 c2=+0.124 resid=1.2e-05
   fit2_1e5_1e6_1e7   J_inf=+0.009162 c=-0.0313 c2=+0.041 resid=7.8e-18
   predict 1e7: actual=+0.0533904 fit2(1e4-1e6)=+0.0535667 (err -1.8e-04) fit1(1e4-1e6)=+0.0555249 (err -2.1e-03)
--- fixed: J_full - J_clean: continuum = 0.0
   fit1_1e3_1e4_1e5   J_inf=+0.048645 c=+0.1847 resid=1.2e-03
   fit2_1e3_1e4_1e5   J_inf=+0.019108 c=+0.7125 c2=-2.257 resid=2.8e-17
   fit1_1e4_1e5_1e6   J_inf=+0.036061 c=+0.3137 resid=6.6e-04
   fit2_1e4_1e5_1e6   J_inf=+0.010465 c=+0.8916 c2=-3.173 resid=2.8e-17
   fit1_all           J_inf=+0.039925 c=+0.2548 resid=2.3e-03
   fit2_all           J_inf=+0.013489 c=+0.8118 c2=-2.677 resid=2.1e-04
   fit2_1e5_1e6_1e7   J_inf=+0.006146 c=+1.0010 c2=-3.860 resid=4.0e-16
--- fixed trial pieces /(2 pi^2 N): D (diag), O (offdiag), C2 (<x,A^2x>) vs continuum M3/I, M2b/I, M2a/I
   L=     1000 full D=0.08716 O=0.05950 C2=0.05135 | clean D=0.07831 O=0.02252 C2=0.02222
   L=    10000 full D=0.08753 O=0.06276 C2=0.05660 | clean D=0.08126 O=0.02809 C2=0.02768
   L=   100000 full D=0.08775 O=0.06470 C2=0.05992 | clean D=0.08314 O=0.03288 C2=0.03239
   L=  1000000 full D=0.08781 O=0.06606 C2=0.06221 | clean D=0.08431 O=0.03698 C2=0.03642
   L= 10000000 full D=0.08777 O=0.06709 C2=0.06390 | clean D=0.08504 O=0.04047 C2=0.03986
   continuum      M3/I=0.08460 M2b/I=0.07581 M2a/I=0.07493
   prime-sum test L=1000: sum_p G(u_p)/p = 0.143295, integral = 0.169618, ratio = 0.84481
   prime-sum test L=10000: sum_p G(u_p)/p = 0.150957, integral = 0.169618, ratio = 0.88998
   prime-sum test L=100000: sum_p G(u_p)/p = 0.155921, integral = 0.169618, ratio = 0.91925
   prime-sum test L=1000000: sum_p G(u_p)/p = 0.159225, integral = 0.169618, ratio = 0.93873
