N=9: 2704 orbits of 48620 configurations
0 0.008899688720703125
2000 7.6359827518463135
total ACUE mass over orbits: 0.9999999999999979
non-clock orbits 2703; N^2D min 1.32285235 max 1.98328921 median 1.41834393
ACUE-weighted E[N^2 D | nonclock] = 1.44234761; clock mass 0.00390625 (2^(1-N)=0.00390625)
argmax gaps: [1, 1, 2, 2, 2, 4, 2, 2, 2]  argmin gaps: [1, 1, 1, 1, 1, 1, 5, 1, 6]
time 10.287513256072998
N=10: 9252 orbits of 184756 configurations
0 0.00552058219909668
2000 8.517032384872437
4000 16.826919317245483
6000 25.121962785720825
8000 33.43071436882019
total ACUE mass over orbits: 1.0000000000000004
non-clock orbits 9251; N^2D min 1.31461418 max 1.98545755 median 1.41385731
ACUE-weighted E[N^2 D | nonclock] = 1.43287130; clock mass 0.00195313 (2^(1-N)=0.00195312)
argmax gaps: [1, 1, 2, 2, 2, 3, 3, 2, 2, 2]  argmin gaps: [1, 1, 1, 1, 1, 1, 1, 6, 1, 6]
time 38.653504848480225
N=11: 32066 orbits of 705432 configurations
0 0.006783962249755859
2000 10.172139883041382
4000 20.47046446800232
6000 30.694124221801758
8000 40.88701367378235
10000 51.05587029457092
12000 61.18353843688965
14000 71.49954509735107
16000 81.87300515174866
18000 92.2586932182312
20000 102.22975587844849
22000 112.09033584594727
24000 122.1768946647644
26000 132.21852684020996
28000 141.9700300693512
30000 151.1263599395752
32000 160.4056055545807
total ACUE mass over orbits: 0.9999999999999982
non-clock orbits 32065; N^2D min 1.30907854 max 1.99181048 median 1.41000388
ACUE-weighted E[N^2 D | nonclock] = 1.42500834; clock mass 0.000976562 (2^(1-N)=0.000976562)
argmax gaps: [1, 1, 1, 1, 1, 1, 2, 2, 8, 2, 2]  argmin gaps: [1, 1, 1, 1, 1, 1, 1, 1, 6, 1, 7]
time 160.7156662940979
N=12: 112720 orbits of 2704156 configurations
0 0.008591413497924805
2000 10.577458620071411
4000 21.181297302246094
6000 31.718437433242798
8000 41.89982199668884
10000 52.549243688583374
12000 63.210296392440796
14000 73.64003920555115
16000 84.1842610836029
18000 94.72298383712769
20000 105.01900911331177
22000 115.57796716690063
24000 125.97863483428955
26000 136.90323114395142
28000 148.1000714302063
30000 159.50961565971375
32000 169.8042275905609
34000 179.94197177886963
36000 190.23795771598816
38000 200.29597783088684
40000 210.60067987442017
42000 221.17134761810303
44000 231.36229634284973
46000 241.5906856060028
48000 251.66538977622986
50000 261.7637929916382
52000 272.06232237815857
54000 282.39700198173523
56000 292.46644735336304
58000 302.6863157749176
60000 312.8620300292969
62000 323.0292718410492
64000 333.2473940849304
66000 343.54226088523865
68000 353.86247730255127
70000 364.2400860786438
72000 374.79550337791443
74000 385.47374653816223
76000 395.80909752845764
78000 405.81367087364197
80000 416.2992503643036
82000 426.54897236824036
84000 436.59704875946045
86000 446.70881628990173
88000 456.81030917167664
90000 466.85882472991943
92000 477.0321753025055
94000 487.2340371608734
96000 497.4945385456085
98000 507.59226512908936
100000 517.6318180561066
102000 527.6327352523804
104000 537.7331781387329
106000 547.8723516464233
108000 558.0387897491455
110000 568.0476117134094
112000 577.9798653125763
total ACUE mass over orbits: 1.0
non-clock orbits 112719; N^2D min 1.30317636 max 2.00001772 median 1.40598134
ACUE-weighted E[N^2 D | nonclock] = 1.41857257; clock mass 0.000488281 (2^(1-N)=0.000488281)
argmax gaps: [1, 1, 1, 1, 1, 1, 1, 2, 2, 9, 2, 2]  argmin gaps: [1, 1, 1, 1, 1, 1, 1, 1, 1, 7, 1, 7]
time 581.5612704753876
