restart 0: local best 2.004295 (1, 1, 1, 1, 1, 1, 2, 2, 2, 3, 6, 3, 2, 2);  global best 2.01676099 (1, 1, 1, 1, 1, 1, 1, 2, 2, 2, 9, 2, 2, 2)  [10s, 173 evals]
restart 1: local best 1.977380 (1, 1, 1, 1, 1, 1, 1, 1, 2, 6, 2, 2, 6, 2);  global best 2.01676099 (1, 1, 1, 1, 1, 1, 1, 2, 2, 2, 9, 2, 2, 2)  [21s, 403 evals]
restart 2: local best 2.003456 (1, 1, 1, 1, 1, 1, 1, 2, 2, 3, 3, 7, 2, 2);  global best 2.01676099 (1, 1, 1, 1, 1, 1, 1, 2, 2, 2, 9, 2, 2, 2)  [29s, 603 evals]
restart 3: local best 1.995869 (1, 1, 1, 1, 1, 2, 2, 2, 3, 5, 2, 3, 2, 2);  global best 2.01676099 (1, 1, 1, 1, 1, 1, 1, 2, 2, 2, 9, 2, 2, 2)  [38s, 852 evals]
restart 4: local best 2.008337 (1, 1, 1, 1, 1, 1, 1, 1, 2, 2, 5, 7, 2, 2);  global best 2.01676099 (1, 1, 1, 1, 1, 1, 1, 2, 2, 2, 9, 2, 2, 2)  [44s, 1009 evals]
restart 5: local best 1.974072 (1, 1, 1, 1, 2, 2, 3, 3, 2, 2, 3, 3, 2, 2);  global best 2.01676099 (1, 1, 1, 1, 1, 1, 1, 2, 2, 2, 9, 2, 2, 2)  [54s, 1254 evals]
restart 6: local best 1.969052 (1, 1, 1, 2, 1, 1, 2, 2, 2, 7, 2, 2, 2, 2);  global best 2.01676099 (1, 1, 1, 1, 1, 1, 1, 2, 2, 2, 9, 2, 2, 2)  [62s, 1454 evals]
restart 7: local best 1.819174 (1, 1, 1, 1, 3, 1, 1, 3, 1, 1, 3, 5, 2, 4);  global best 2.01676099 (1, 1, 1, 1, 1, 1, 1, 2, 2, 2, 9, 2, 2, 2)  [70s, 1663 evals]
restart 8: local best 1.996968 (1, 1, 1, 1, 1, 1, 2, 2, 4, 2, 2, 6, 2, 2);  global best 2.01676099 (1, 1, 1, 1, 1, 1, 1, 2, 2, 2, 9, 2, 2, 2)  [79s, 1884 evals]
restart 9: local best 2.001941 (1, 1, 1, 1, 1, 1, 2, 2, 2, 5, 3, 4, 2, 2);  global best 2.01676099 (1, 1, 1, 1, 1, 1, 1, 2, 2, 2, 9, 2, 2, 2)  [85s, 2053 evals]
restart 10: local best 1.987443 (1, 1, 1, 1, 1, 2, 2, 2, 3, 2, 3, 5, 2, 2);  global best 2.01676099 (1, 1, 1, 1, 1, 1, 1, 2, 2, 2, 9, 2, 2, 2)  [94s, 2267 evals]
restart 11: local best 1.920208 (1, 1, 1, 2, 3, 2, 1, 1, 2, 4, 2, 3, 3, 2);  global best 2.01676099 (1, 1, 1, 1, 1, 1, 1, 2, 2, 2, 9, 2, 2, 2)  [102s, 2498 evals]
restart 12: local best 1.999764 (1, 1, 1, 1, 1, 1, 2, 2, 2, 5, 2, 5, 2, 2);  global best 2.01676099 (1, 1, 1, 1, 1, 1, 1, 2, 2, 2, 9, 2, 2, 2)  [110s, 2680 evals]
restart 13: local best 1.831234 (1, 1, 1, 1, 1, 2, 5, 2, 1, 1, 2, 3, 2, 5);  global best 2.01676099 (1, 1, 1, 1, 1, 1, 1, 2, 2, 2, 9, 2, 2, 2)  [117s, 2881 evals]
restart 14: local best 2.004295 (1, 1, 1, 1, 1, 1, 2, 2, 2, 3, 6, 3, 2, 2);  global best 2.01676099 (1, 1, 1, 1, 1, 1, 1, 2, 2, 2, 9, 2, 2, 2)  [125s, 3094 evals]
restart 15: local best 2.003676 (1, 1, 1, 1, 1, 1, 1, 2, 2, 2, 4, 7, 2, 2);  global best 2.01676099 (1, 1, 1, 1, 1, 1, 1, 2, 2, 2, 9, 2, 2, 2)  [134s, 3310 evals]
restart 16: local best 1.932885 (1, 1, 1, 1, 2, 1, 1, 2, 6, 4, 2, 2, 2, 2);  global best 2.01676099 (1, 1, 1, 1, 1, 1, 1, 2, 2, 2, 9, 2, 2, 2)  [141s, 3509 evals]
restart 17: local best 2.000936 (1, 1, 1, 1, 1, 2, 2, 2, 3, 5, 3, 2, 2, 2);  global best 2.01676099 (1, 1, 1, 1, 1, 1, 1, 2, 2, 2, 9, 2, 2, 2)  [150s, 3719 evals]
restart 18: local best 1.785524 (1, 1, 1, 2, 2, 4, 1, 1, 3, 1, 1, 4, 4, 2);  global best 2.01676099 (1, 1, 1, 1, 1, 1, 1, 2, 2, 2, 9, 2, 2, 2)  [158s, 3922 evals]
restart 19: local best 1.961638 (1, 1, 1, 1, 2, 2, 3, 2, 4, 2, 2, 2, 3, 2);  global best 2.01676099 (1, 1, 1, 1, 1, 1, 1, 2, 2, 2, 9, 2, 2, 2)  [166s, 4139 evals]
restart 20: local best 1.968490 (1, 1, 1, 1, 2, 1, 1, 2, 2, 8, 2, 2, 2, 2);  global best 2.01676099 (1, 1, 1, 1, 1, 1, 1, 2, 2, 2, 9, 2, 2, 2)  [175s, 4350 evals]
restart 21: local best 1.907786 (1, 1, 1, 1, 1, 2, 8, 3, 2, 1, 1, 1, 2, 3);  global best 2.01676099 (1, 1, 1, 1, 1, 1, 1, 2, 2, 2, 9, 2, 2, 2)  [184s, 4558 evals]
restart 22: local best 1.930180 (1, 1, 1, 1, 2, 4, 2, 1, 1, 2, 2, 2, 6, 2);  global best 2.01676099 (1, 1, 1, 1, 1, 1, 1, 2, 2, 2, 9, 2, 2, 2)  [191s, 4746 evals]
restart 23: local best 1.954749 (1, 1, 1, 2, 2, 1, 1, 2, 2, 5, 4, 2, 2, 2);  global best 2.01676099 (1, 1, 1, 1, 1, 1, 1, 2, 2, 2, 9, 2, 2, 2)  [198s, 4909 evals]
restart 24: local best 1.986915 (1, 1, 1, 1, 1, 1, 2, 2, 2, 5, 3, 3, 3, 2);  global best 2.01676099 (1, 1, 1, 1, 1, 1, 1, 2, 2, 2, 9, 2, 2, 2)  [206s, 5109 evals]
restart 25: local best 1.970334 (1, 1, 1, 1, 1, 2, 1, 1, 2, 2, 5, 4, 4, 2);  global best 2.01676099 (1, 1, 1, 1, 1, 1, 1, 2, 2, 2, 9, 2, 2, 2)  [214s, 5317 evals]
restart 26: local best 1.913996 (1, 1, 1, 2, 3, 2, 2, 2, 1, 1, 2, 5, 3, 2);  global best 2.01676099 (1, 1, 1, 1, 1, 1, 1, 2, 2, 2, 9, 2, 2, 2)  [223s, 5535 evals]
restart 27: local best 1.992831 (1, 1, 1, 1, 1, 2, 2, 2, 3, 2, 5, 3, 2, 2);  global best 2.01676099 (1, 1, 1, 1, 1, 1, 1, 2, 2, 2, 9, 2, 2, 2)  [232s, 5738 evals]
restart 28: local best 1.856399 (1, 1, 1, 1, 1, 2, 1, 1, 3, 2, 6, 2, 3, 3);  global best 2.01676099 (1, 1, 1, 1, 1, 1, 1, 2, 2, 2, 9, 2, 2, 2)  [240s, 5936 evals]
restart 29: local best 1.999466 (1, 1, 1, 1, 1, 2, 2, 2, 3, 4, 4, 2, 2, 2);  global best 2.01676099 (1, 1, 1, 1, 1, 1, 1, 2, 2, 2, 9, 2, 2, 2)  [248s, 6125 evals]
TOP 15 found:
  2.01676099 [1, 1, 1, 1, 1, 1, 1, 2, 2, 2, 9, 2, 2, 2]
  2.01161840 [1, 1, 1, 1, 1, 1, 1, 2, 2, 2, 8, 3, 2, 2]
  2.01139620 [1, 1, 1, 1, 1, 1, 1, 2, 2, 3, 7, 3, 2, 2]
  2.01032769 [1, 1, 1, 1, 1, 1, 2, 2, 2, 5, 5, 2, 2, 2]
  2.00940142 [1, 1, 1, 1, 1, 1, 2, 2, 2, 3, 7, 2, 2, 2]
  2.00935849 [1, 1, 1, 1, 1, 1, 2, 2, 2, 2, 8, 2, 2, 2]
  2.00833663 [1, 1, 1, 1, 1, 1, 1, 1, 2, 2, 5, 7, 2, 2]
  2.00832321 [1, 1, 1, 1, 1, 1, 1, 2, 2, 2, 7, 4, 2, 2]
  2.00814425 [1, 1, 1, 1, 1, 1, 1, 2, 2, 4, 5, 4, 2, 2]
  2.00772407 [1, 1, 1, 1, 1, 1, 1, 1, 2, 2, 4, 8, 2, 2]
  2.00741336 [1, 1, 1, 1, 1, 1, 1, 1, 2, 2, 3, 9, 2, 2]
  2.00737107 [1, 1, 1, 1, 1, 1, 1, 1, 2, 2, 2, 10, 2, 2]
  2.00613286 [1, 1, 1, 1, 1, 1, 1, 2, 2, 2, 6, 5, 2, 2]
  2.00595423 [1, 1, 1, 1, 1, 1, 1, 2, 2, 4, 4, 5, 2, 2]
  2.00591179 [1, 1, 1, 1, 1, 1, 1, 2, 2, 3, 5, 5, 2, 2]
restart 0: local best 1.946191 (1, 1, 1, 1, 2, 1, 1, 1, 1, 2, 2, 2, 2, 2, 10, 2);  global best 2.02805536 (1, 1, 1, 1, 1, 1, 1, 1, 1, 2, 2, 2, 11, 2, 2, 2)  [9s, 233 evals]
restart 1: local best 1.973753 (1, 1, 1, 1, 1, 2, 1, 1, 1, 1, 2, 3, 4, 8, 2, 2);  global best 2.02805536 (1, 1, 1, 1, 1, 1, 1, 1, 1, 2, 2, 2, 11, 2, 2, 2)  [19s, 480 evals]
restart 2: local best 1.998925 (1, 1, 1, 1, 1, 2, 2, 2, 2, 2, 5, 3, 2, 3, 2, 2);  global best 2.02805536 (1, 1, 1, 1, 1, 1, 1, 1, 1, 2, 2, 2, 11, 2, 2, 2)  [32s, 776 evals]
restart 3: local best 1.967029 (1, 1, 1, 1, 1, 2, 1, 1, 1, 2, 2, 4, 5, 2, 5, 2);  global best 2.02805536 (1, 1, 1, 1, 1, 1, 1, 1, 1, 2, 2, 2, 11, 2, 2, 2)  [42s, 1031 evals]
restart 4: local best 1.849708 (1, 1, 1, 1, 1, 1, 2, 4, 2, 1, 1, 2, 2, 3, 5, 4);  global best 2.02805536 (1, 1, 1, 1, 1, 1, 1, 1, 1, 2, 2, 2, 11, 2, 2, 2)  [53s, 1302 evals]
restart 5: local best 1.972823 (1, 1, 2, 1, 1, 2, 2, 2, 2, 2, 2, 3, 4, 3, 2, 2);  global best 2.02805536 (1, 1, 1, 1, 1, 1, 1, 1, 1, 2, 2, 2, 11, 2, 2, 2)  [67s, 1637 evals]
restart 6: local best 1.814010 (1, 1, 1, 1, 2, 3, 1, 1, 1, 1, 4, 2, 2, 2, 4, 5);  global best 2.02805536 (1, 1, 1, 1, 1, 1, 1, 1, 1, 2, 2, 2, 11, 2, 2, 2)  [78s, 1905 evals]
restart 7: local best 1.944406 (1, 1, 1, 1, 1, 2, 1, 1, 1, 2, 4, 2, 5, 3, 4, 2);  global best 2.02805536 (1, 1, 1, 1, 1, 1, 1, 1, 1, 2, 2, 2, 11, 2, 2, 2)  [88s, 2176 evals]
restart 8: local best 1.780083 (1, 1, 1, 1, 2, 1, 1, 6, 4, 1, 1, 2, 1, 1, 6, 2);  global best 2.02805536 (1, 1, 1, 1, 1, 1, 1, 1, 1, 2, 2, 2, 11, 2, 2, 2)  [97s, 2396 evals]
restart 9: local best 2.009206 (1, 1, 1, 1, 1, 1, 1, 1, 1, 2, 2, 8, 4, 2, 3, 2);  global best 2.02805536 (1, 1, 1, 1, 1, 1, 1, 1, 1, 2, 2, 2, 11, 2, 2, 2)  [106s, 2637 evals]
restart 10: local best 2.015959 (1, 1, 1, 1, 1, 1, 1, 1, 1, 1, 2, 2, 6, 8, 2, 2);  global best 2.02805536 (1, 1, 1, 1, 1, 1, 1, 1, 1, 2, 2, 2, 11, 2, 2, 2)  [117s, 2906 evals]
restart 11: local best 1.979349 (1, 1, 1, 1, 1, 1, 1, 1, 1, 1, 2, 3, 4, 3, 8, 2);  global best 2.02805536 (1, 1, 1, 1, 1, 1, 1, 1, 1, 2, 2, 2, 11, 2, 2, 2)  [126s, 3118 evals]
restart 12: local best 1.898120 (1, 1, 1, 1, 2, 2, 2, 4, 4, 4, 2, 1, 1, 1, 2, 3);  global best 2.02805536 (1, 1, 1, 1, 1, 1, 1, 1, 1, 2, 2, 2, 11, 2, 2, 2)  [137s, 3393 evals]
restart 13: local best 1.948143 (1, 1, 1, 2, 2, 2, 2, 1, 1, 2, 2, 4, 5, 2, 2, 2);  global best 2.02805536 (1, 1, 1, 1, 1, 1, 1, 1, 1, 2, 2, 2, 11, 2, 2, 2)  [149s, 3684 evals]
restart 14: local best 2.002213 (1, 1, 1, 1, 1, 1, 1, 1, 1, 2, 2, 6, 4, 4, 3, 2);  global best 2.02805536 (1, 1, 1, 1, 1, 1, 1, 1, 1, 2, 2, 2, 11, 2, 2, 2)  [159s, 3916 evals]
restart 15: local best 1.999976 (1, 1, 1, 1, 1, 1, 1, 2, 2, 4, 4, 2, 4, 2, 3, 2);  global best 2.02805536 (1, 1, 1, 1, 1, 1, 1, 1, 1, 2, 2, 2, 11, 2, 2, 2)  [171s, 4204 evals]
restart 16: local best 1.975953 (1, 1, 1, 1, 1, 1, 2, 1, 1, 2, 2, 6, 3, 5, 2, 2);  global best 2.02805536 (1, 1, 1, 1, 1, 1, 1, 1, 1, 2, 2, 2, 11, 2, 2, 2)  [182s, 4494 evals]
restart 17: local best 1.963792 (1, 1, 1, 1, 1, 2, 2, 1, 1, 2, 2, 3, 5, 2, 5, 2);  global best 2.02805536 (1, 1, 1, 1, 1, 1, 1, 1, 1, 2, 2, 2, 11, 2, 2, 2)  [195s, 4815 evals]
restart 18: local best 1.948338 (1, 1, 1, 1, 1, 1, 2, 2, 1, 1, 1, 2, 2, 5, 8, 2);  global best 2.02805536 (1, 1, 1, 1, 1, 1, 1, 1, 1, 2, 2, 2, 11, 2, 2, 2)  [204s, 5034 evals]
restart 19: local best 2.009307 (1, 1, 1, 1, 1, 1, 1, 1, 2, 2, 2, 3, 2, 9, 2, 2);  global best 2.02805536 (1, 1, 1, 1, 1, 1, 1, 1, 1, 2, 2, 2, 11, 2, 2, 2)  [216s, 5319 evals]
restart 20: local best 1.943892 (1, 1, 1, 1, 2, 2, 3, 4, 2, 3, 2, 1, 1, 2, 4, 2);  global best 2.02805536 (1, 1, 1, 1, 1, 1, 1, 1, 1, 2, 2, 2, 11, 2, 2, 2)  [228s, 5613 evals]
restart 21: local best 1.991700 (1, 1, 1, 1, 2, 1, 1, 2, 2, 2, 3, 3, 6, 2, 2, 2);  global best 2.02805536 (1, 1, 1, 1, 1, 1, 1, 1, 1, 2, 2, 2, 11, 2, 2, 2)  [239s, 5872 evals]
restart 22: local best 1.950299 (1, 1, 1, 1, 1, 2, 1, 1, 1, 1, 2, 8, 2, 3, 4, 2);  global best 2.02805536 (1, 1, 1, 1, 1, 1, 1, 1, 1, 2, 2, 2, 11, 2, 2, 2)  [249s, 6135 evals]
restart 23: local best 1.995146 (1, 1, 1, 1, 1, 1, 1, 2, 2, 2, 6, 2, 2, 4, 3, 2);  global best 2.02805536 (1, 1, 1, 1, 1, 1, 1, 1, 1, 2, 2, 2, 11, 2, 2, 2)  [260s, 6435 evals]
restart 24: local best 1.982616 (1, 1, 1, 1, 1, 1, 1, 1, 1, 1, 2, 3, 2, 7, 6, 2);  global best 2.02805536 (1, 1, 1, 1, 1, 1, 1, 1, 1, 2, 2, 2, 11, 2, 2, 2)  [273s, 6695 evals]
restart 25: local best 2.017720 (1, 1, 1, 1, 1, 1, 1, 2, 2, 2, 7, 2, 3, 3, 2, 2);  global best 2.02805536 (1, 1, 1, 1, 1, 1, 1, 1, 1, 2, 2, 2, 11, 2, 2, 2)  [286s, 6966 evals]
restart 26: local best 1.978036 (1, 1, 1, 1, 2, 2, 1, 1, 2, 2, 2, 5, 3, 4, 2, 2);  global best 2.02805536 (1, 1, 1, 1, 1, 1, 1, 1, 1, 2, 2, 2, 11, 2, 2, 2)  [300s, 7265 evals]
restart 27: local best 1.977416 (1, 1, 1, 1, 1, 2, 2, 2, 2, 2, 4, 2, 3, 3, 3, 2);  global best 2.02805536 (1, 1, 1, 1, 1, 1, 1, 1, 1, 2, 2, 2, 11, 2, 2, 2)  [315s, 7560 evals]
restart 28: local best 1.973669 (1, 1, 1, 1, 1, 1, 1, 1, 2, 1, 1, 2, 2, 11, 3, 2);  global best 2.02805536 (1, 1, 1, 1, 1, 1, 1, 1, 1, 2, 2, 2, 11, 2, 2, 2)  [326s, 7803 evals]
restart 29: local best 1.984938 (1, 1, 1, 1, 1, 1, 1, 2, 3, 4, 3, 2, 2, 3, 4, 2);  global best 2.02805536 (1, 1, 1, 1, 1, 1, 1, 1, 1, 2, 2, 2, 11, 2, 2, 2)  [341s, 8111 evals]
TOP 15 found:
  2.02805536 [1, 1, 1, 1, 1, 1, 1, 1, 1, 2, 2, 2, 11, 2, 2, 2]
  2.02591844 [1, 1, 1, 1, 1, 1, 1, 2, 2, 2, 2, 9, 2, 2, 2, 2]
  2.02489995 [1, 1, 1, 1, 1, 1, 1, 1, 2, 2, 2, 5, 7, 2, 2, 2]
  2.02454264 [1, 1, 1, 1, 1, 1, 1, 1, 2, 2, 2, 4, 8, 2, 2, 2]
  2.02435886 [1, 1, 1, 1, 1, 1, 1, 1, 2, 2, 2, 3, 9, 2, 2, 2]
  2.02433370 [1, 1, 1, 1, 1, 1, 1, 1, 2, 2, 2, 2, 10, 2, 2, 2]
  2.02380018 [1, 1, 1, 1, 1, 1, 1, 1, 2, 2, 2, 9, 2, 3, 2, 2]
  2.02358985 [1, 1, 1, 1, 1, 1, 1, 2, 2, 2, 2, 8, 3, 2, 2, 2]
  2.02279245 [1, 1, 1, 1, 1, 1, 1, 1, 1, 2, 2, 2, 10, 3, 2, 2]
  2.02217475 [1, 1, 1, 1, 1, 1, 1, 1, 2, 2, 2, 8, 3, 3, 2, 2]
  2.02183343 [1, 1, 1, 1, 1, 1, 1, 2, 2, 2, 3, 6, 4, 2, 2, 2]
  2.02102383 [1, 1, 1, 1, 1, 1, 1, 1, 2, 2, 2, 7, 4, 3, 2, 2]
  2.01989512 [1, 1, 1, 1, 1, 1, 1, 2, 2, 2, 4, 3, 6, 2, 2, 2]
  2.01944237 [1, 1, 1, 1, 1, 1, 1, 2, 2, 2, 2, 4, 7, 2, 2, 2]
  2.01938183 [1, 1, 1, 1, 1, 1, 1, 1, 1, 2, 2, 2, 9, 4, 2, 2]
restart 0: local best 1.986596 (1, 1, 1, 1, 1, 2, 2, 1, 1, 1, 1, 1, 2, 3, 2, 3, 9, 2, 3, 2);  global best 2.03923875 (1, 1, 1, 1, 1, 1, 1, 1, 1, 1, 1, 1, 1, 2, 2, 2, 15, 2, 2, 2)  [12s, 245 evals]
restart 1: local best 2.002087 (1, 1, 1, 1, 1, 2, 1, 1, 1, 1, 2, 2, 2, 8, 3, 3, 2, 2, 3, 2);  global best 2.03923875 (1, 1, 1, 1, 1, 1, 1, 1, 1, 1, 1, 1, 1, 2, 2, 2, 15, 2, 2, 2)  [29s, 578 evals]
restart 2: local best 2.031008 (1, 1, 1, 1, 1, 1, 1, 1, 2, 2, 2, 3, 2, 7, 3, 2, 2, 3, 2, 2);  global best 2.03923875 (1, 1, 1, 1, 1, 1, 1, 1, 1, 1, 1, 1, 1, 2, 2, 2, 15, 2, 2, 2)  [48s, 948 evals]
restart 3: local best 1.958369 (1, 1, 1, 1, 1, 2, 2, 3, 2, 2, 2, 1, 1, 2, 2, 4, 3, 5, 2, 2);  global best 2.03923875 (1, 1, 1, 1, 1, 1, 1, 1, 1, 1, 1, 1, 1, 2, 2, 2, 15, 2, 2, 2)  [65s, 1305 evals]
restart 4: local best 1.979918 (1, 1, 1, 1, 1, 1, 2, 1, 1, 2, 2, 5, 3, 3, 2, 2, 2, 2, 5, 2);  global best 2.03923875 (1, 1, 1, 1, 1, 1, 1, 1, 1, 1, 1, 1, 1, 2, 2, 2, 15, 2, 2, 2)  [82s, 1666 evals]
restart 5: local best 1.956018 (1, 1, 1, 1, 2, 1, 1, 1, 2, 1, 1, 2, 2, 3, 2, 4, 4, 2, 6, 2);  global best 2.03923875 (1, 1, 1, 1, 1, 1, 1, 1, 1, 1, 1, 1, 1, 2, 2, 2, 15, 2, 2, 2)  [98s, 2021 evals]
restart 6: local best 1.995293 (1, 1, 1, 1, 1, 1, 1, 1, 1, 1, 2, 2, 6, 3, 2, 2, 4, 2, 5, 2);  global best 2.03923875 (1, 1, 1, 1, 1, 1, 1, 1, 1, 1, 1, 1, 1, 2, 2, 2, 15, 2, 2, 2)  [111s, 2372 evals]
restart 7: local best 1.795754 (1, 1, 1, 1, 1, 1, 1, 1, 4, 5, 1, 1, 1, 2, 2, 1, 1, 3, 4, 7);  global best 2.03923875 (1, 1, 1, 1, 1, 1, 1, 1, 1, 1, 1, 1, 1, 2, 2, 2, 15, 2, 2, 2)  [124s, 2704 evals]
restart 8: local best 2.000276 (1, 1, 1, 1, 1, 1, 1, 1, 1, 2, 4, 2, 2, 4, 3, 3, 3, 2, 4, 2);  global best 2.03923875 (1, 1, 1, 1, 1, 1, 1, 1, 1, 1, 1, 1, 1, 2, 2, 2, 15, 2, 2, 2)  [138s, 3086 evals]
restart 9: local best 1.922992 (1, 1, 1, 1, 2, 1, 1, 1, 2, 5, 7, 2, 1, 1, 1, 1, 2, 2, 5, 2);  global best 2.03923875 (1, 1, 1, 1, 1, 1, 1, 1, 1, 1, 1, 1, 1, 2, 2, 2, 15, 2, 2, 2)  [150s, 3406 evals]
restart 10: local best 1.981794 (1, 1, 1, 1, 1, 1, 1, 2, 1, 1, 1, 2, 2, 3, 2, 5, 5, 3, 4, 2);  global best 2.03923875 (1, 1, 1, 1, 1, 1, 1, 1, 1, 1, 1, 1, 1, 2, 2, 2, 15, 2, 2, 2)  [163s, 3740 evals]
restart 11: local best 1.976328 (1, 1, 1, 1, 1, 1, 2, 1, 1, 2, 2, 3, 5, 2, 8, 2, 2, 1, 1, 2);  global best 2.03923875 (1, 1, 1, 1, 1, 1, 1, 1, 1, 1, 1, 1, 1, 2, 2, 2, 15, 2, 2, 2)  [173s, 4001 evals]
restart 12: local best 1.972955 (1, 1, 1, 1, 1, 2, 1, 1, 1, 2, 1, 1, 2, 2, 6, 3, 2, 4, 5, 2);  global best 2.03923875 (1, 1, 1, 1, 1, 1, 1, 1, 1, 1, 1, 1, 1, 2, 2, 2, 15, 2, 2, 2)  [187s, 4349 evals]
restart 13: local best 1.921574 (1, 1, 1, 2, 2, 6, 2, 2, 1, 1, 2, 3, 2, 1, 1, 2, 3, 2, 3, 2);  global best 2.03923875 (1, 1, 1, 1, 1, 1, 1, 1, 1, 1, 1, 1, 1, 2, 2, 2, 15, 2, 2, 2)  [202s, 4703 evals]
restart 14: local best 1.934600 (1, 1, 1, 1, 1, 2, 2, 5, 2, 3, 2, 6, 2, 1, 1, 1, 1, 2, 3, 2);  global best 2.03923875 (1, 1, 1, 1, 1, 1, 1, 1, 1, 1, 1, 1, 1, 2, 2, 2, 15, 2, 2, 2)  [219s, 5048 evals]
restart 15: local best 1.961702 (1, 1, 1, 1, 2, 1, 1, 1, 2, 3, 2, 3, 4, 6, 3, 2, 2, 1, 1, 2);  global best 2.03923875 (1, 1, 1, 1, 1, 1, 1, 1, 1, 1, 1, 1, 1, 2, 2, 2, 15, 2, 2, 2)  [235s, 5353 evals]
restart 16: local best 1.820546 (1, 1, 1, 1, 1, 1, 4, 3, 4, 5, 1, 1, 1, 1, 2, 1, 1, 2, 4, 4);  global best 2.03923875 (1, 1, 1, 1, 1, 1, 1, 1, 1, 1, 1, 1, 1, 2, 2, 2, 15, 2, 2, 2)  [250s, 5677 evals]
restart 17: local best 2.013930 (1, 1, 1, 1, 1, 1, 1, 1, 1, 2, 2, 2, 6, 2, 3, 3, 4, 2, 3, 2);  global best 2.03923875 (1, 1, 1, 1, 1, 1, 1, 1, 1, 1, 1, 1, 1, 2, 2, 2, 15, 2, 2, 2)  [269s, 6037 evals]
restart 18: local best 2.012523 (1, 1, 1, 1, 1, 1, 1, 2, 1, 1, 1, 1, 1, 2, 2, 3, 9, 6, 2, 2);  global best 2.03923875 (1, 1, 1, 1, 1, 1, 1, 1, 1, 1, 1, 1, 1, 2, 2, 2, 15, 2, 2, 2)  [281s, 6313 evals]
restart 19: local best 1.901687 (1, 1, 1, 1, 1, 2, 1, 1, 2, 2, 6, 2, 2, 1, 1, 2, 5, 3, 2, 3);  global best 2.03923875 (1, 1, 1, 1, 1, 1, 1, 1, 1, 1, 1, 1, 1, 2, 2, 2, 15, 2, 2, 2)  [296s, 6647 evals]
restart 20: local best 1.848948 (1, 1, 1, 1, 1, 2, 1, 1, 1, 3, 1, 1, 1, 1, 2, 2, 4, 4, 7, 4);  global best 2.03923875 (1, 1, 1, 1, 1, 1, 1, 1, 1, 1, 1, 1, 1, 2, 2, 2, 15, 2, 2, 2)  [310s, 6939 evals]
restart 21: local best 1.963389 (1, 1, 1, 1, 1, 1, 2, 2, 1, 1, 2, 1, 1, 1, 1, 2, 3, 7, 8, 2);  global best 2.03923875 (1, 1, 1, 1, 1, 1, 1, 1, 1, 1, 1, 1, 1, 2, 2, 2, 15, 2, 2, 2)  [326s, 7221 evals]
restart 22: local best 2.019165 (1, 1, 1, 1, 1, 1, 1, 1, 2, 2, 3, 3, 2, 2, 3, 3, 4, 4, 2, 2);  global best 2.03923875 (1, 1, 1, 1, 1, 1, 1, 1, 1, 1, 1, 1, 1, 2, 2, 2, 15, 2, 2, 2)  [345s, 7579 evals]
restart 23: local best 1.988374 (1, 1, 1, 1, 1, 1, 1, 1, 1, 1, 1, 1, 1, 1, 2, 3, 9, 2, 8, 2);  global best 2.03923875 (1, 1, 1, 1, 1, 1, 1, 1, 1, 1, 1, 1, 1, 2, 2, 2, 15, 2, 2, 2)  [361s, 7849 evals]
restart 24: local best 1.883958 (1, 1, 1, 1, 1, 1, 1, 3, 3, 3, 2, 1, 1, 1, 2, 2, 2, 5, 5, 3);  global best 2.03923875 (1, 1, 1, 1, 1, 1, 1, 1, 1, 1, 1, 1, 1, 2, 2, 2, 15, 2, 2, 2)  [377s, 8185 evals]
TOP 15 found:
  2.03923875 [1, 1, 1, 1, 1, 1, 1, 1, 1, 1, 1, 1, 1, 2, 2, 2, 15, 2, 2, 2]
  2.03795605 [1, 1, 1, 1, 1, 1, 1, 1, 1, 1, 1, 1, 2, 2, 2, 3, 13, 2, 2, 2]
  2.03696146 [1, 1, 1, 1, 1, 1, 1, 1, 1, 1, 1, 2, 2, 2, 5, 3, 9, 2, 2, 2]
  2.03589919 [1, 1, 1, 1, 1, 1, 1, 1, 1, 1, 2, 2, 2, 2, 6, 3, 7, 2, 2, 2]
  2.03498557 [1, 1, 1, 1, 1, 1, 1, 1, 2, 2, 2, 2, 7, 4, 2, 2, 3, 2, 2, 2]
  2.03437259 [1, 1, 1, 1, 1, 1, 1, 1, 1, 1, 1, 2, 2, 2, 9, 2, 5, 3, 2, 2]
  2.03292831 [1, 1, 1, 1, 1, 1, 1, 1, 1, 1, 1, 2, 2, 2, 7, 3, 6, 3, 2, 2]
  2.03277006 [1, 1, 1, 1, 1, 1, 1, 2, 2, 2, 2, 2, 2, 7, 3, 3, 2, 2, 2, 2]
  2.03258216 [1, 1, 1, 1, 1, 1, 1, 1, 1, 1, 1, 1, 2, 2, 2, 2, 13, 3, 2, 2]
  2.03218620 [1, 1, 1, 1, 1, 1, 1, 1, 1, 1, 1, 2, 2, 3, 6, 2, 7, 3, 2, 2]
  2.03181162 [1, 1, 1, 1, 1, 1, 1, 1, 1, 1, 2, 2, 2, 4, 6, 2, 5, 3, 2, 2]
  2.03174633 [1, 1, 1, 1, 1, 1, 1, 1, 1, 1, 1, 2, 2, 2, 6, 2, 8, 3, 2, 2]
  2.03160272 [1, 1, 1, 1, 1, 1, 1, 1, 1, 1, 1, 2, 2, 2, 5, 3, 8, 3, 2, 2]
  2.03150096 [1, 1, 1, 1, 1, 1, 1, 1, 2, 2, 2, 3, 3, 7, 2, 2, 2, 3, 2, 2]
  2.03120362 [1, 1, 1, 1, 1, 1, 1, 1, 1, 1, 2, 2, 3, 4, 7, 2, 2, 4, 2, 2]
restart 0: local best 1.997139 (1, 1, 1, 1, 1, 2, 1, 1, 1, 2, 1, 1, 1, 1, 1, 2, 2, 3, 3, 11, 2, 3, 3, 2);  global best 2.05645783 (1, 1, 1, 1, 1, 1, 1, 1, 1, 1, 1, 1, 1, 2, 2, 2, 2, 2, 15, 2, 2, 2, 2, 2)  [18s, 374 evals]
restart 1: local best 1.964542 (1, 1, 1, 1, 1, 1, 2, 1, 1, 1, 2, 2, 2, 7, 3, 5, 4, 2, 2, 1, 1, 2, 2, 2);  global best 2.05645783 (1, 1, 1, 1, 1, 1, 1, 1, 1, 1, 1, 1, 1, 2, 2, 2, 2, 2, 15, 2, 2, 2, 2, 2)  [39s, 811 evals]
restart 2: local best 1.919863 (1, 1, 1, 1, 1, 1, 1, 1, 2, 3, 5, 6, 7, 2, 1, 1, 1, 2, 1, 1, 1, 2, 2, 3);  global best 2.05645783 (1, 1, 1, 1, 1, 1, 1, 1, 1, 1, 1, 1, 1, 2, 2, 2, 2, 2, 15, 2, 2, 2, 2, 2)  [58s, 1209 evals]
restart 3: local best 1.894599 (1, 1, 1, 2, 1, 1, 2, 2, 2, 4, 2, 6, 2, 1, 1, 1, 2, 2, 3, 3, 2, 2, 2, 2);  global best 2.05645783 (1, 1, 1, 1, 1, 1, 1, 1, 1, 1, 1, 1, 1, 2, 2, 2, 2, 2, 15, 2, 2, 2, 2, 2)  [81s, 1681 evals]
restart 4: local best 1.922083 (1, 1, 1, 1, 1, 1, 1, 1, 2, 1, 1, 1, 2, 2, 1, 1, 1, 2, 5, 2, 9, 3, 5, 2);  global best 2.05645783 (1, 1, 1, 1, 1, 1, 1, 1, 1, 1, 1, 1, 1, 2, 2, 2, 2, 2, 15, 2, 2, 2, 2, 2)  [100s, 2071 evals]
restart 5: local best 2.000422 (1, 1, 1, 1, 1, 1, 1, 1, 2, 1, 1, 1, 1, 1, 1, 1, 2, 4, 3, 2, 11, 3, 4, 2);  global best 2.05645783 (1, 1, 1, 1, 1, 1, 1, 1, 1, 1, 1, 1, 1, 2, 2, 2, 2, 2, 15, 2, 2, 2, 2, 2)  [117s, 2425 evals]
restart 6: local best 1.935235 (1, 1, 1, 1, 2, 2, 5, 2, 1, 1, 1, 1, 2, 5, 2, 1, 1, 1, 1, 2, 2, 6, 4, 2);  global best 2.05645783 (1, 1, 1, 1, 1, 1, 1, 1, 1, 1, 1, 1, 1, 2, 2, 2, 2, 2, 15, 2, 2, 2, 2, 2)  [135s, 2859 evals]
restart 7: local best 1.938916 (1, 1, 1, 1, 2, 1, 1, 2, 3, 4, 3, 3, 4, 3, 2, 1, 1, 2, 2, 1, 1, 2, 4, 2);  global best 2.05645783 (1, 1, 1, 1, 1, 1, 1, 1, 1, 1, 1, 1, 1, 2, 2, 2, 2, 2, 15, 2, 2, 2, 2, 2)  [153s, 3322 evals]
restart 8: local best 1.979426 (1, 1, 1, 1, 1, 1, 1, 1, 2, 3, 4, 4, 2, 6, 4, 4, 2, 1, 1, 1, 1, 1, 1, 3);  global best 2.05645783 (1, 1, 1, 1, 1, 1, 1, 1, 1, 1, 1, 1, 1, 2, 2, 2, 2, 2, 15, 2, 2, 2, 2, 2)  [170s, 3773 evals]
restart 9: local best 1.938902 (1, 1, 1, 2, 1, 1, 2, 2, 3, 3, 2, 7, 3, 3, 2, 1, 1, 2, 2, 2, 1, 1, 2, 2);  global best 2.05645783 (1, 1, 1, 1, 1, 1, 1, 1, 1, 1, 1, 1, 1, 2, 2, 2, 2, 2, 15, 2, 2, 2, 2, 2)  [185s, 4178 evals]
restart 10: local best 1.963647 (1, 1, 1, 1, 1, 2, 2, 2, 1, 1, 2, 1, 1, 2, 3, 2, 2, 3, 4, 3, 2, 4, 4, 2);  global best 2.05645783 (1, 1, 1, 1, 1, 1, 1, 1, 1, 1, 1, 1, 1, 2, 2, 2, 2, 2, 15, 2, 2, 2, 2, 2)  [210s, 4673 evals]
restart 11: local best 1.954096 (1, 1, 1, 1, 1, 2, 2, 12, 2, 2, 3, 2, 2, 2, 1, 1, 1, 2, 2, 1, 1, 1, 1, 3);  global best 2.05645783 (1, 1, 1, 1, 1, 1, 1, 1, 1, 1, 1, 1, 1, 2, 2, 2, 2, 2, 15, 2, 2, 2, 2, 2)  [233s, 5130 evals]
restart 12: local best 1.937001 (1, 1, 1, 1, 1, 2, 1, 1, 1, 1, 2, 2, 2, 2, 2, 1, 1, 1, 1, 2, 5, 3, 11, 2);  global best 2.05645783 (1, 1, 1, 1, 1, 1, 1, 1, 1, 1, 1, 1, 1, 2, 2, 2, 2, 2, 15, 2, 2, 2, 2, 2)  [253s, 5530 evals]
restart 13: local best 1.931879 (1, 1, 1, 1, 1, 1, 2, 5, 2, 2, 1, 1, 2, 2, 4, 2, 8, 2, 1, 1, 1, 1, 2, 3);  global best 2.05645783 (1, 1, 1, 1, 1, 1, 1, 1, 1, 1, 1, 1, 1, 2, 2, 2, 2, 2, 15, 2, 2, 2, 2, 2)  [272s, 5929 evals]
restart 14: local best 1.917645 (1, 1, 1, 1, 1, 1, 1, 2, 1, 1, 2, 4, 3, 2, 1, 1, 2, 3, 2, 5, 4, 3, 2, 3);  global best 2.05645783 (1, 1, 1, 1, 1, 1, 1, 1, 1, 1, 1, 1, 1, 2, 2, 2, 2, 2, 15, 2, 2, 2, 2, 2)  [292s, 6429 evals]
restart 15: local best 1.928571 (1, 1, 1, 1, 1, 1, 2, 3, 2, 2, 3, 5, 2, 2, 7, 2, 1, 1, 1, 1, 1, 2, 2, 3);  global best 2.05645783 (1, 1, 1, 1, 1, 1, 1, 1, 1, 1, 1, 1, 1, 2, 2, 2, 2, 2, 15, 2, 2, 2, 2, 2)  [310s, 6918 evals]
restart 16: local best 1.935112 (1, 1, 1, 1, 1, 1, 2, 3, 3, 2, 2, 1, 1, 2, 2, 8, 4, 3, 2, 1, 1, 1, 1, 3);  global best 2.05645783 (1, 1, 1, 1, 1, 1, 1, 1, 1, 1, 1, 1, 1, 2, 2, 2, 2, 2, 15, 2, 2, 2, 2, 2)  [326s, 7321 evals]
restart 17: local best 1.880312 (1, 1, 1, 2, 3, 7, 3, 2, 2, 1, 1, 2, 1, 1, 2, 5, 2, 1, 1, 3, 1, 1, 1, 3);  global best 2.05645783 (1, 1, 1, 1, 1, 1, 1, 1, 1, 1, 1, 1, 1, 2, 2, 2, 2, 2, 15, 2, 2, 2, 2, 2)  [345s, 7807 evals]
restart 18: local best 1.775397 (1, 1, 1, 2, 2, 1, 1, 2, 1, 1, 3, 5, 1, 1, 1, 3, 3, 1, 1, 3, 4, 4, 3, 2);  global best 2.05645783 (1, 1, 1, 1, 1, 1, 1, 1, 1, 1, 1, 1, 1, 2, 2, 2, 2, 2, 15, 2, 2, 2, 2, 2)  [362s, 8243 evals]
restart 19: local best 1.883089 (1, 1, 1, 1, 2, 1, 1, 1, 2, 3, 3, 2, 1, 1, 1, 2, 3, 3, 5, 2, 2, 3, 3, 3);  global best 2.05645783 (1, 1, 1, 1, 1, 1, 1, 1, 1, 1, 1, 1, 1, 2, 2, 2, 2, 2, 15, 2, 2, 2, 2, 2)  [380s, 8729 evals]
TOP 15 found:
  2.05645783 [1, 1, 1, 1, 1, 1, 1, 1, 1, 1, 1, 1, 1, 2, 2, 2, 2, 2, 15, 2, 2, 2, 2, 2]
  2.05337757 [1, 1, 1, 1, 1, 1, 1, 1, 1, 1, 1, 1, 2, 2, 2, 2, 2, 2, 13, 3, 2, 2, 2, 2]
  2.05312409 [1, 1, 1, 1, 1, 1, 1, 1, 1, 1, 1, 1, 1, 1, 1, 2, 2, 2, 2, 17, 2, 2, 2, 2]
  2.05209721 [1, 1, 1, 1, 1, 1, 1, 1, 1, 1, 1, 1, 1, 1, 2, 2, 2, 2, 2, 16, 2, 2, 2, 2]
  2.05068351 [1, 1, 1, 1, 1, 1, 1, 1, 1, 1, 1, 1, 1, 2, 2, 2, 2, 14, 2, 2, 3, 2, 2, 2]
  2.04961494 [1, 1, 1, 1, 1, 1, 1, 1, 1, 1, 1, 1, 1, 1, 2, 2, 2, 2, 3, 14, 3, 2, 2, 2]
  2.04960993 [1, 1, 1, 1, 1, 1, 1, 1, 1, 1, 1, 1, 1, 1, 2, 2, 2, 2, 2, 15, 3, 2, 2, 2]
  2.04717226 [1, 1, 1, 1, 1, 1, 1, 1, 1, 1, 1, 1, 1, 2, 2, 2, 2, 2, 14, 2, 2, 3, 2, 2]
  2.04417264 [1, 1, 1, 1, 1, 1, 1, 1, 1, 1, 1, 1, 1, 1, 2, 2, 2, 2, 3, 14, 2, 3, 2, 2]
  2.04416766 [1, 1, 1, 1, 1, 1, 1, 1, 1, 1, 1, 1, 1, 1, 2, 2, 2, 2, 2, 15, 2, 3, 2, 2]
  2.04319896 [1, 1, 1, 1, 1, 1, 1, 1, 1, 1, 1, 1, 1, 1, 1, 2, 2, 2, 2, 2, 17, 2, 2, 2]
  2.04172412 [1, 1, 1, 1, 1, 1, 1, 2, 1, 1, 1, 1, 1, 1, 1, 2, 2, 2, 2, 16, 2, 2, 2, 2]
  2.03683182 [1, 1, 1, 1, 1, 1, 1, 2, 1, 1, 1, 1, 1, 2, 2, 2, 2, 2, 2, 13, 3, 2, 2, 2]
  2.03612289 [1, 1, 1, 1, 1, 1, 1, 2, 1, 1, 1, 1, 1, 2, 2, 2, 2, 2, 3, 13, 2, 2, 2, 2]
  2.03558451 [1, 1, 1, 1, 1, 1, 1, 1, 2, 1, 1, 1, 1, 1, 1, 1, 2, 2, 2, 2, 17, 2, 2, 2]
