== N=9
  enum 1.9832892135  polyroots 1.9832892688515  diff +5.53e-08  gaps [1, 1, 2, 2, 2, 4, 2, 2, 2]  collisions(site,mult) [(1.0, 3)]  [1.2s]
  enum 1.9779897763  polyroots 1.9779898251698  diff +4.89e-08  gaps [1, 1, 2, 2, 3, 2, 3, 2, 2]  collisions(site,mult) [(1.0, 3)]  [1.5s]
  enum 1.9712118516  polyroots 1.971211851557  diff -6.55e-12  gaps [1, 1, 2, 2, 2, 3, 3, 2, 2]  collisions(site,mult) [(0.9699, 2)]  [1.2s]
  enum 1.9712118516  polyroots 1.971211851557  diff -6.55e-12  gaps [1, 1, 2, 2, 3, 3, 2, 2, 2]  collisions(site,mult) [(1.0301, 2)]  [1.5s]
  enum 1.9660040379  polyroots 1.9660040378862  diff -5.09e-12  gaps [1, 1, 2, 2, 4, 2, 2, 2, 2]  collisions(site,mult) [(1.0267, 2)]  [1.4s]
  enum 1.9660040379  polyroots 1.9660040378862  diff -5.09e-12  gaps [1, 1, 2, 2, 2, 2, 4, 2, 2]  collisions(site,mult) [(0.9733, 2)]  [1.4s]
  enum 1.9613947579  polyroots 1.9613947579346  diff -3.64e-12  gaps [1, 1, 1, 1, 2, 2, 6, 2, 2]  collisions(site,mult) [(1.0169, 2), (2.9831, 2)]  [1.4s]
  enum 1.9579093531  polyroots 1.9579093612323  diff +8.14e-09  gaps [1, 1, 2, 3, 2, 2, 2, 3, 2]  collisions(site,mult) [(1.0, 3)]  [1.8s]
  enum 1.9552289161  polyroots 1.9552289161074  diff -3.64e-12  gaps [1, 1, 1, 1, 1, 1, 2, 8, 2]  collisions(site,mult) [(1.1549, 2), (4.8451, 2)]  [1.5s]
  enum 1.9501610026  polyroots 1.9501610026055  diff -3.64e-12  gaps [1, 1, 1, 1, 1, 2, 4, 5, 2]  collisions(site,mult) [(1.0998, 2)]  [1.8s]
  enum 1.9501610026  polyroots 1.9501610026055  diff +3.64e-12  gaps [1, 1, 1, 1, 1, 2, 5, 4, 2]  collisions(site,mult) [(3.9002, 2)]  [1.8s]
  enum 1.9483773262  polyroots 1.9483773262415  diff -2.18e-12  gaps [1, 1, 2, 3, 2, 2, 3, 2, 2]  collisions(site,mult) [(1.0433, 2)]  [1.6s]
== N=10
  enum 1.9854575487  polyroots 1.9854576378071  diff +8.91e-08  gaps [1, 1, 2, 2, 2, 3, 3, 2, 2, 2]  collisions(site,mult) [(1.0, 3)]  [2.4s]
  enum 1.9799809943  polyroots 1.9799809942546  diff -5.09e-12  gaps [1, 1, 2, 2, 2, 4, 2, 2, 2, 2]  collisions(site,mult) [(1.0246, 2)]  [2.1s]
  enum 1.9799809943  polyroots 1.9799809942546  diff -5.09e-12  gaps [1, 1, 2, 2, 2, 2, 4, 2, 2, 2]  collisions(site,mult) [(0.9754, 2)]  [2.2s]
  enum 1.9798792273  polyroots 1.9798792272981  diff +1.67e-11  gaps [1, 1, 1, 1, 1, 2, 2, 7, 2, 2]  collisions(site,mult) [(1.0819, 2), (3.9181, 2)]  [2.3s]
  enum 1.9789652154  polyroots 1.9789655558707  diff +3.40e-07  gaps [1, 1, 2, 2, 3, 2, 2, 3, 2, 2]  collisions(site,mult) [(1.0, 3)]  [2.1s]
  enum 1.9734337979  polyroots 1.9734337979287  diff -6.55e-12  gaps [1, 1, 2, 2, 3, 2, 3, 2, 2, 2]  collisions(site,mult) [(1.0301, 2)]  [1.8s]
  enum 1.9734337979  polyroots 1.9734337979287  diff -6.55e-12  gaps [1, 1, 2, 2, 2, 3, 2, 3, 2, 2]  collisions(site,mult) [(0.9699, 2)]  [2.2s]
  enum 1.9709142321  polyroots 1.9709142320731  diff -2.18e-12  gaps [1, 1, 2, 2, 3, 3, 2, 2, 2, 2]  collisions(site,mult) [(1.0267, 2)]  [1.9s]
  enum 1.9709142321  polyroots 1.9709142320731  diff -2.18e-12  gaps [1, 1, 2, 2, 2, 2, 3, 3, 2, 2]  collisions(site,mult) [(0.9733, 2)]  [2.1s]
  enum 1.9660179499  polyroots 1.9660179499479  diff +3.64e-12  gaps [1, 1, 2, 2, 2, 2, 2, 4, 2, 2]  collisions(site,mult) [(0.9777, 2)]  [2.4s]
  enum 1.9660179499  polyroots 1.9660179499479  diff +3.64e-12  gaps [1, 1, 2, 2, 4, 2, 2, 2, 2, 2]  collisions(site,mult) [(1.0223, 2)]  [1.9s]
  enum 1.9654722143  polyroots 1.965472214279  diff +2.18e-12  gaps [1, 1, 1, 1, 2, 2, 4, 4, 2, 2]  collisions(site,mult) [(1.0152, 2), (2.9848, 2)]  [2.2s]
== N=11
  enum 1.9918104778  polyroots 1.9918104777636  diff -7.28e-13  gaps [1, 1, 1, 1, 1, 1, 2, 2, 8, 2, 2]  collisions(site,mult) [(1.1361, 2), (4.8639, 2)]  [2.8s]
  enum 1.9888690636  polyroots 1.9888696692011  diff +6.06e-07  gaps [1, 1, 2, 2, 2, 2, 4, 2, 2, 2, 2]  collisions(site,mult) [(1.0, 3)]  [2.4s]
  enum 1.9866224512  polyroots 1.9866229079838  diff +4.57e-07  gaps [1, 1, 2, 2, 2, 3, 2, 3, 2, 2, 2]  collisions(site,mult) [(1.0, 3)]  [2.8s]
  enum 1.9831385472  polyroots 1.9831385472382  diff -7.28e-13  gaps [1, 1, 1, 1, 1, 2, 2, 5, 4, 2, 2]  collisions(site,mult) [(3.9162, 2)]  [2.6s]
  enum 1.9831385472  polyroots 1.9831385472382  diff -7.28e-13  gaps [1, 1, 1, 1, 1, 2, 2, 4, 5, 2, 2]  collisions(site,mult) [(1.0838, 2)]  [2.6s]
  enum 1.9825834895  polyroots 1.9825834894844  diff +7.28e-13  gaps [1, 1, 2, 2, 2, 3, 3, 2, 2, 2, 2]  collisions(site,mult) [(1.0235, 2)]  [2.7s]
  enum 1.9825834895  polyroots 1.9825834894844  diff +8.00e-12  gaps [1, 1, 2, 2, 2, 2, 3, 3, 2, 2, 2]  collisions(site,mult) [(0.9765, 2)]  [2.5s]
  enum 1.9823233170  polyroots 1.9823233169678  diff +5.09e-12  gaps [1, 1, 1, 1, 1, 2, 2, 3, 6, 2, 2]  collisions(site,mult) [(1.092, 2)]  [3.1s]
  enum 1.9823233170  polyroots 1.9823233169678  diff +5.09e-12  gaps [1, 1, 1, 1, 1, 2, 2, 6, 3, 2, 2]  collisions(site,mult) [(3.908, 2)]  [2.8s]
  enum 1.9822111373  polyroots 1.9822111373127  diff +9.46e-12  gaps [1, 1, 1, 1, 1, 2, 2, 2, 7, 2, 2]  collisions(site,mult) [(1.1002, 2)]  [3.0s]
  enum 1.9822111373  polyroots 1.9822111373127  diff +1.67e-11  gaps [1, 1, 1, 1, 1, 2, 2, 7, 2, 2, 2]  collisions(site,mult) [(3.8998, 2)]  [3.2s]
  enum 1.9796234705  polyroots 1.9796234705427  diff +3.64e-12  gaps [1, 1, 2, 2, 2, 4, 2, 2, 2, 2, 2]  collisions(site,mult) [(1.0225, 2)]  [2.6s]
== N=12
  enum 2.0000177198  polyroots 2.0000177200476  diff +2.93e-10  gaps [1, 1, 1, 1, 1, 1, 1, 2, 2, 9, 2, 2]  collisions(site,mult) [(1.1828, 2), (5.8172, 2)]  [3.1s]
  enum 1.9956053997  polyroots 1.9956053997332  diff +3.57e-11  gaps [1, 1, 1, 1, 1, 1, 2, 2, 5, 5, 2, 2]  collisions(site,mult) [(1.1334, 2), (4.8666, 2)]  [3.5s]
  enum 1.9951459747  polyroots 1.9951459747681  diff +2.55e-11  gaps [1, 1, 1, 1, 1, 2, 2, 2, 7, 2, 2, 2]  collisions(site,mult) [(1.0738, 2), (3.9262, 2)]  [3.5s]
  enum 1.9944455129  polyroots 1.9944455129385  diff +1.96e-11  gaps [1, 1, 1, 1, 1, 1, 2, 2, 4, 6, 2, 2]  collisions(site,mult) [(1.1405, 2)]  [3.7s]
  enum 1.9944455129  polyroots 1.9944455129385  diff +1.96e-11  gaps [1, 1, 1, 1, 1, 1, 2, 2, 6, 4, 2, 2]  collisions(site,mult) [(4.8595, 2)]  [3.4s]
  enum 1.9938694636  polyroots 1.9938694635581  diff -9.46e-12  gaps [1, 1, 1, 1, 1, 1, 2, 2, 7, 3, 2, 2]  collisions(site,mult) [(4.8526, 2)]  [3.3s]
  enum 1.9938694635  polyroots 1.9938694635581  diff +2.69e-11  gaps [1, 1, 1, 1, 1, 1, 2, 2, 3, 7, 2, 2]  collisions(site,mult) [(1.1474, 2)]  [3.8s]
  enum 1.9937906878  polyroots 1.9937906878011  diff +7.28e-13  gaps [1, 1, 1, 1, 1, 1, 2, 2, 8, 2, 2, 2]  collisions(site,mult) [(4.8457, 2)]  [4.0s]
  enum 1.9937906878  polyroots 1.9937906878011  diff +1.53e-11  gaps [1, 1, 1, 1, 1, 1, 2, 2, 2, 8, 2, 2]  collisions(site,mult) [(1.1543, 2)]  [3.3s]
  enum 1.9902488740  polyroots 1.9902488739754  diff -3.64e-12  gaps [1, 1, 1, 1, 1, 2, 2, 2, 6, 3, 2, 2]  collisions(site,mult) [(1.0835, 2)]  [3.2s]
  enum 1.9902488740  polyroots 1.9902488739754  diff +3.64e-12  gaps [1, 1, 1, 1, 1, 2, 2, 3, 6, 2, 2, 2]  collisions(site,mult) [(3.9165, 2)]  [3.8s]
  enum 1.9901671516  polyroots 1.9901671828993  diff +3.13e-08  gaps [1, 1, 2, 2, 2, 2, 3, 3, 2, 2, 2, 2]  collisions(site,mult) [(1.0, 3)]  [2.8s]
