check 1/Gamma(0.3): Hankel (0.334272752564 + 3.10919997866e-23j)  exact 0.334272752564
check 1/Gamma(-1.7): Hankel (0.397784575551 + 3.10919997866e-23j)  exact 0.397784575551
check 1/Gamma((2.5+0.4j)): Hankel (0.750886572543 - 0.21897738152j)  exact (0.750886572543 - 0.21897738152j)
tau=0: 6 zeros in [-3pi,5pi]: ['-3.0', '-2.0', '-1.0', '1.4552e-13', '1.0', '3.0']  [62s]
tau=1.0: 6 zeros in [-3pi,5pi]: ['-2.929', '-1.9575', '-0.99695', '-0.059786', '0.74827', '3.0019']  [121s]
tau=1.5: 6 zeros in [-3pi,5pi]: ['-2.8931', '-1.9356', '-0.99378', '-0.07713', '0.56328', '3.0019']  [184s]
tau=2.0: 6 zeros in [-3pi,5pi]: ['-2.8564', '-1.9122', '-0.98751', '-0.025875', '0.27296', '3.0016']  [243s]
tau=2.05: 6 zeros in [-3pi,5pi]: ['-2.8527', '-1.9098', '-0.9867', '-0.0026573', '0.2237', '3.0016']  [299s]
tau=2.1: 6 zeros in [-3pi,5pi]: ['-2.849', '-1.9073', '-0.98586', '0.042927', '0.15167', '3.0016']  [346s]
tau=2.12: 4 zeros in [-3pi,5pi]: ['-2.8475', '-1.9064', '-0.98552', '3.0015']  [392s]
tau=2.15: 4 zeros in [-3pi,5pi]: ['-2.8452', '-1.9049', '-0.98501', '3.0015']  [442s]
  bisect: tau in [2.1,2.115]  (zeros in (-pi/2,3pi/2) at mid: 0)  [448s]
  bisect: tau in [2.1075,2.115]  (zeros in (-pi/2,3pi/2) at mid: 2)  [462s]
  bisect: tau in [2.11125,2.115]  (zeros in (-pi/2,3pi/2) at mid: 2)  [473s]
  bisect: tau in [2.113125,2.115]  (zeros in (-pi/2,3pi/2) at mid: 2)  [485s]
  bisect: tau in [2.1140625,2.115]  (zeros in (-pi/2,3pi/2) at mid: 2)  [496s]
  bisect: tau in [2.1140625,2.11453125]  (zeros in (-pi/2,3pi/2) at mid: 0)  [502s]
  bisect: tau in [2.114296875,2.11453125]  (zeros in (-pi/2,3pi/2) at mid: 2)  [513s]
  bisect: tau in [2.114414062,2.11453125]  (zeros in (-pi/2,3pi/2) at mid: 2)  [525s]
  bisect: tau in [2.114414062,2.114472656]  (zeros in (-pi/2,3pi/2) at mid: 0)  [530s]
  bisect: tau in [2.114443359,2.114472656]  (zeros in (-pi/2,3pi/2) at mid: 2)  [542s]
  bisect: tau in [2.114443359,2.114458008]  (zeros in (-pi/2,3pi/2) at mid: 0)  [547s]
  bisect: tau in [2.114450684,2.114458008]  (zeros in (-pi/2,3pi/2) at mid: 2)  [559s]
  bisect: tau in [2.114450684,2.114454346]  (zeros in (-pi/2,3pi/2) at mid: 0)  [564s]
  bisect: tau in [2.114452515,2.114454346]  (zeros in (-pi/2,3pi/2) at mid: 2)  [575s]
  bisect: tau in [2.114452515,2.11445343]  (zeros in (-pi/2,3pi/2) at mid: 0)  [581s]
  bisect: tau in [2.114452515,2.114452972]  (zeros in (-pi/2,3pi/2) at mid: 0)  [586s]
  bisect: tau in [2.114452515,2.114452744]  (zeros in (-pi/2,3pi/2) at mid: 0)  [591s]
  bisect: tau in [2.114452515,2.114452629]  (zeros in (-pi/2,3pi/2) at mid: 0)  [596s]
  bisect: tau in [2.114452515,2.114452572]  (zeros in (-pi/2,3pi/2) at mid: 0)  [602s]
  bisect: tau in [2.114452543,2.114452572]  (zeros in (-pi/2,3pi/2) at mid: 2)  [613s]
  bisect: tau in [2.114452558,2.114452572]  (zeros in (-pi/2,3pi/2) at mid: 2)  [625s]
  bisect: tau in [2.114452565,2.114452572]  (zeros in (-pi/2,3pi/2) at mid: 2)  [636s]
C* (domain-wall constant, Gamma model) = 2.11445257
