N= 12 best 2.00001772 at (k1,k2,L,pair)=(2, 2, 8, 0)  [0s]
     k=0:1.831790 k=1:1.971088 k=2:2.000018 k=3:1.995146 k=4:1.949095 k=5:1.471716
N= 13 best 2.00790882 at (k1,k2,L,pair)=(3, 3, 7, 0)  [1s]
     k=0:1.832777 k=1:1.973919 k=2:2.005940 k=3:2.007909 k=4:1.983016 k=5:1.992054
N= 14 best 2.01676099 at (k1,k2,L,pair)=(3, 3, 8, 0)  [1s]
     k=0:1.833560 k=1:1.976125 k=2:2.010372 k=3:2.016761 k=4:2.003336 k=5:1.952893 k=6:1.472381
N= 15 best 2.02319920 at (k1,k2,L,pair)=(3, 3, 9, 0)  [1s]
     k=0:1.834192 k=1:1.977879 k=2:2.013788 k=3:2.023199 k=4:2.016641 k=5:1.987480 k=6:1.994042
N= 16 best 2.02805536 at (k1,k2,L,pair)=(3, 3, 10, 8)  [0s]
     k=0:1.834709 k=1:1.979299 k=2:2.016483 k=3:2.028055 k=4:2.025918 k=5:2.008294 k=6:1.955316 k=7:1.472813
N= 18 best 2.03784062 at (k1,k2,L,pair)=(4, 4, 10, 8)  [1s]
     k=0:1.835496 k=1:1.981432 k=2:2.020422 k=3:2.034819 k=4:2.037841 k=5:2.031559 k=6:2.011544 k=7:1.956958 k=8:1.473109
N= 20 best 2.04504836 at (k1,k2,L,pair)=(4, 4, 12, 10)  [1s]
     k=0:1.836059 k=1:1.982938 k=2:2.023123 k=3:2.039239 k=4:2.045048 k=5:2.043932 k=6:2.035312 k=7:2.013797 k=8:1.958124 k=9:1.473322
N= 22 best 2.05146303 at (k1,k2,L,pair)=(5, 5, 12, 10)  [1s]
     k=0:1.836475 k=1:1.984041 k=2:2.025062 k=3:2.042307 k=4:2.049799 k=5:2.051463 k=6:2.048026 k=7:2.037951 k=8:2.015427 k=9:1.958981 k=10:1.473479
N= 24 best 2.05645783 at (k1,k2,L,pair)=(5, 5, 14, 0)  [1s]
     k=0:1.836792 k=1:1.984874 k=2:2.026504 k=3:2.044533 k=4:2.053124 k=5:2.056458 k=6:2.055804 k=7:2.050931 k=8:2.039885 k=9:2.016647 k=10:1.959630 k=11:1.473598
N= 28 best 2.06465023 at (k1,k2,L,pair)=(6, 6, 16, 14)  [1s]
     k=0:1.837234 k=1:1.986028 k=2:2.028471 k=3:2.047497 k=4:2.057395 k=5:2.062559 k=6:2.064650 k=7:2.064235 k=8:2.061206 k=9:2.054712 k=10:2.042482 k=11:2.018321 k=12:1.960533
N= 32 best 2.07081919 at (k1,k2,L,pair)=(7, 7, 18, 0)  [1s]
     k=0:1.837521 k=1:1.986771 k=2:2.029720 k=3:2.049336 k=4:2.059959 k=5:2.066059 k=6:2.069420 k=7:2.070819 k=8:2.070539 k=9:2.068526 k=10:2.064358 k=11:2.057010 k=12:2.044108
N= 36 best 2.07563245 at (k1,k2,L,pair)=(8, 8, 20, 18)  [1s]
     k=0:1.837717 k=1:1.987278 k=2:2.030564 k=3:2.050560 k=4:2.061630 k=5:2.068277 k=6:2.072334 k=7:2.074651 k=8:2.075632 k=9:2.075435 k=10:2.074027 k=11:2.071182 k=12:2.066376
N= 40 best 2.07949290 at (k1,k2,L,pair)=(9, 9, 22, 0)  [1s]
     k=0:1.837858 k=1:1.987639 k=2:2.031162 k=3:2.051418 k=4:2.062785 k=5:2.069782 k=6:2.074263 k=7:2.077110 k=8:2.078777 k=9:2.079493 k=10:2.079348 k=11:2.078325 k=12:2.076292
N= 48 best 2.08530045 at (k1,k2,L,pair)=(11, 11, 26, 24)  [1s]
     k=0:1.838041 k=1:1.988109 k=2:2.031933 k=3:2.052515 k=4:2.064241 k=5:2.071646 k=6:2.076601 k=7:2.080012 k=8:2.082365 k=9:2.083937 k=10:2.084886 k=11:2.085300 k=12:2.085216
N= 56 best 2.08920013 at (k1,k2,L,pair)=(12, 12, 32, 0)  [2s]
     k=0:1.838151 k=1:1.988391 k=2:2.032394 k=3:2.053165 k=4:2.065094 k=5:2.072721 k=6:2.077923 k=7:2.081615 k=8:2.084292 k=9:2.086243 k=10:2.087645 k=11:2.088608 k=12:2.089200
N= 64 best 2.09138534 at (k1,k2,L,pair)=(12, 12, 40, 38)  [2s]
     k=0:1.838223 k=1:1.988574 k=2:2.032691 k=3:2.053582 k=4:2.065637 k=5:2.073399 k=6:2.078748 k=7:2.082602 k=8:2.085459 k=9:2.087614 k=10:2.089247 k=11:2.090479 k=12:2.091385
