== RP1: Theorem 6.1 repaired step.  Pair at +-0.15 in a 7-clock background (N=8)
   D = 0.0124947677   (Theorem A: g' >= -2cot(g/2), i.e. V_a - V_b <= 2cot(g/2))
   s/D      g         V_a-V_b   2cot(g/2)  diff(<=0)    A        2csc^2(g/2)-C_N   F(s)
   0.0000   0.300000    10.7870    13.2332   -2.4462       69.32        -78.44      14.916
   0.5000   0.217676    16.5073    18.3033   -1.7960       148.3         1.506      14.293
   0.9000   0.099440    39.3639    40.1921   -0.8281       787.5         641.7      12.745
   0.9900   0.031599   126.3120   126.5757   -0.2637        7990          7845      10.457
   0.9990   0.009997   400.0187   400.1021   -0.0834   8.002e+04     7.987e+04       8.156
   0.9995   0.007069   565.7578   565.8168   -0.0590   1.601e+05     1.599e+05       7.463
   => V_a - V_b < 2cot(g/2) throughout (the original 'bracket is non-negative' argued the wrong way);
      A >= 2csc^2(g_min/2) - C_N -> infinity as g_min -> 0, which is all the Riccati comparison needs.
   [1s]
== RP2: E'' = A'/2 (text had A'/4); E' = A/2
   N=5: max |E''/(A'/2) - 1| = 1.3e-07,  max |E'/(A/2) - 1| = 3.2e-11   (E''/(A'/4) would be 2)
   N=7: max |E''/(A'/2) - 1| = 3.7e-07,  max |E'/(A/2) - 1| = 4.6e-11   (E''/(A'/4) would be 2)
   [1s]
== RP3: near-clock regime, mode-delta perturbation eps*cos(2 pi delta j/N) of the N-clock
   prediction: D = log(1/A_0)/(2 delta (N-delta)) + O(1);  ratio D/bound -> C_N/(2 delta (N-delta))
   N=4 delta=2 (rate 4, limit 2.5000):  eps=1e-02: ratio 2.4307, D - log(1/A_0)/(2 rate) = +0.3466;  eps=1e-03: ratio 2.4559, D - log(1/A_0)/(2 rate) = +0.3466;  eps=1e-04: ratio 2.4677, D - log(1/A_0)/(2 rate) = +0.3466;  eps=1e-05: ratio 2.4745, D - log(1/A_0)/(2 rate) = +0.3466;
   N=4 delta=1 (rate 3, limit 3.3333):  eps=1e-02: ratio 3.2956, D - log(1/A_0)/(2 rate) = +0.4817;  eps=1e-03: ratio 3.3081, D - log(1/A_0)/(2 rate) = +0.4817;  eps=1e-04: ratio 3.3144, D - log(1/A_0)/(2 rate) = +0.4817;  eps=1e-05: ratio 3.3182, D - log(1/A_0)/(2 rate) = +0.4817;
   N=5 delta=2 (rate 6, limit 3.3333):  eps=1e-02: ratio 2.9700, D - log(1/A_0)/(2 rate) = +0.2311;  eps=1e-03: ratio 3.0983, D - log(1/A_0)/(2 rate) = +0.2310;  eps=1e-04: ratio 3.1598, D - log(1/A_0)/(2 rate) = +0.2310;  eps=1e-05: ratio 3.1958, D - log(1/A_0)/(2 rate) = +0.2310;
   N=5 delta=1 (rate 4, limit 5.0000):  eps=1e-02: ratio 4.1435, D - log(1/A_0)/(2 rate) = +0.2639;  eps=1e-03: ratio 4.4061, D - log(1/A_0)/(2 rate) = +0.2560;  eps=1e-04: ratio 4.5494, D - log(1/A_0)/(2 rate) = +0.2536;  eps=1e-05: ratio 4.6382, D - log(1/A_0)/(2 rate) = +0.2529;
   N=6 delta=3 (rate 9, limit 3.8889):  eps=1e-02: ratio 3.7502, D - log(1/A_0)/(2 rate) = +0.2217;  eps=1e-03: ratio 3.8039, D - log(1/A_0)/(2 rate) = +0.2216;  eps=1e-04: ratio 3.8277, D - log(1/A_0)/(2 rate) = +0.2216;  eps=1e-05: ratio 3.8410, D - log(1/A_0)/(2 rate) = +0.2216;
   N=6 delta=1 (rate 5, limit 7.0000):  eps=1e-02: ratio 5.5078, D - log(1/A_0)/(2 rate) = +0.2300;  eps=1e-03: ratio 5.9507, D - log(1/A_0)/(2 rate) = +0.2188;  eps=1e-04: ratio 6.1983, D - log(1/A_0)/(2 rate) = +0.2147;  eps=1e-05: ratio 6.3542, D - log(1/A_0)/(2 rate) = +0.2131;
   [9s]
== RP4: D - (1/k) log(1+k/A_0) = (delta^4/128)(k - G) + O(delta^6)   [depth from the discriminant sign]
   cross-check N=3 delta=0.3: disc-sign D = 0.0113569309203367, polyroots D = 0.0113569309203368, rel diff 1.3e-14
   (a) N=3, points (-delta/2, delta/2, pi): G = 5, sigma = 1; k = 9/2 gives (k-G)/128 = -1/256 = -0.00390625
       delta   D                 (D-b(9/2))/d^4   (D-b(G))/d^4   (D-d^2/8)/d^4  pred (1/3+s/2)/64
        0.400  0.020341650151411    -0.003774257     0.0001571     0.01334571  0.0130208
        0.200  0.0050209605929113    -0.003873585      3.911e-5     0.01310037  0.0130208
        0.100  0.0012513040615422    -0.003898105      9.769e-6     0.01304062  0.0130208
        0.050  0.00031258141107819    -0.003904215      2.442e-6     0.01302577  0.0130208
        0.025  7.8130086745208e-5    -0.003905741      6.104e-7     0.01302207  0.0130208
   (b) N=4, background x = [2.248222 4.034964]: G_max = 9.282202 > N^2/2 = 8;  predicted (k-G)/128 = -0.010017
       delta=0.200: D/bound(8) = 0.996877938, (D-bound(8))/delta^4 = -0.00986435, (D-bound(G))/delta^4 = 0.000196, (D-d^2/8)/d^4 = 0.0246987 (pred 0.024418)
       delta=0.100: D/bound(8) = 0.999203839, (D-bound(8))/delta^4 = -0.00997945, (D-bound(G))/delta^4 = 4.88e-5, (D-d^2/8)/d^4 = 0.0244874 (pred 0.024418)
       delta=0.050: D/bound(8) = 0.999799982, (D-bound(8))/delta^4 = -0.0100078, (D-bound(G))/delta^4 = 1.22e-5, (D-d^2/8)/d^4 = 0.0244353 (pred 0.024418)
   (c) which N have the PROVED lower bound (N^2+4N-6)/3 (doubled (N-1)-clock) above N^2/2?  (N-2)(N-6) < 0: [3, 4, 5]  (N=6: equal)
   [11s]
== RP5: midpoint family P_s = z^N - lam z^{N-1} + lam z - 1 = (z-1) G(z), sign alternation of g_lam
   sympy: P_s == (z-1)[z^M + 1 + (1-lam)(z + ... + z^(M-1))] for N = 3..9: True
   |e^(-iMx_k/2) G(e^(ix_k)) - (-1)^k (1+lam)| <= 2.17e-50 over N=3..12, all k, three lam;  g_lam(0) = 2-(lam-1)(M-1) > 0
   N=50: max ||root|-1| = 2.9e-15, min angular separation = 4.426e-03 (2pi/M = 1.282e-01), min |root-1| = 2.213e-03  (lam/lam_max = 0.5, 0.9, 0.999)
   N=200: max ||root|-1| = 1.3e-14, min angular separation = 1.098e-03 (2pi/M = 3.157e-02), min |root-1| = 5.490e-04  (lam/lam_max = 0.5, 0.9, 0.999)
   N=1000: max ||root|-1| = 6.4e-14, min angular separation = 2.192e-04 (2pi/M = 6.289e-03), min |root-1| = 1.096e-04  (lam/lam_max = 0.5, 0.9, 0.999)
   N=12: D (polyroots bisection) = 0.016574686981, log(N/(N-2))/(N-1) = 0.016574686981, rel diff 4.4e-11
   N=25: D (polyroots bisection) = 0.003474233705, log(N/(N-2))/(N-1) = 0.003474233706, rel diff 9.9e-11
   [264s]
== RP6: G_max / N^2 (close-pair limit of (A'-A^2)/A maximised over the background)
   N=12: G_max =   89.6991 = 0.6229 N^2   [(N^2+4N-6)/3 = 62.00, N^2/2 = 72, C_N = 572]  (6s)
   N=16: G_max =  160.6804 = 0.6277 N^2   [(N^2+4N-6)/3 = 104.67, N^2/2 = 128, C_N = 1360]  (16s)
   N=24: G_max =  364.1887 = 0.6323 N^2   [(N^2+4N-6)/3 = 222.00, N^2/2 = 288, C_N = 4600]  (42s)
