
===== N=4: 9 non-clock orbits; max N^2D = 1.8483924628
  symmetric 3-block values: {'block4': (np.float64(1.7946940957), 4), 'block33': (np.float64(1.8483924628), 0)}
  rank  N^2D          |p_N|^2  gaps
    1  1.8483924628     0  [1, 1, 3, 3] <-- 3-block
    2  1.7946940957     4  [1, 1, 2, 4] <-- 3-block
    3  1.7946940957     4  [1, 1, 4, 2] <-- 3-block
    4  1.7789916510     0  [1, 1, 1, 5]
    5  1.4519046682     0  [1, 2, 3, 2]
    6  1.4182155133     4  [1, 2, 2, 3]
    7  1.4182155133     4  [1, 3, 2, 2]
    8  1.4180470932     0  [1, 2, 1, 4]
    9  1.3862943611     0  [1, 3, 1, 3]
   10  -inf    16  [2, 2, 2, 2]
  #orbits with N^2D>=2: 0;  >=1.99: 0;  >=1.95: 0

===== N=5: 25 non-clock orbits; max N^2D = 1.9438833689
  symmetric 3-block values: {'block4': (np.float64(1.9438833689), 9)}
  rank  N^2D          |p_N|^2  gaps
    1  1.9438833689     9  [1, 1, 2, 4, 2] <-- 3-block
    2  1.8535552895     1  [1, 1, 3, 2, 3]
    3  1.8233032591     1  [1, 1, 2, 3, 3]
    4  1.8233032591     1  [1, 1, 3, 3, 2]
    5  1.8000831174     1  [1, 1, 1, 1, 6]
    6  1.7957064141     9  [1, 1, 4, 2, 2]
    7  1.7957064141     9  [1, 1, 2, 2, 4]
    8  1.7906372420     1  [1, 1, 1, 3, 4]
    9  1.7906372420     1  [1, 1, 1, 4, 3]
   10  1.7880482068     1  [1, 1, 1, 2, 5]
  #orbits with N^2D>=2: 0;  >=1.99: 0;  >=1.95: 0

===== N=6: 79 non-clock orbits; max N^2D = 1.9526286569
  symmetric 3-block values: {'block4': (np.float64(1.9323562484), 16), 'block33': (np.float64(1.9526286569), 4)}
  rank  N^2D          |p_N|^2  gaps
    1  1.9526286569     4  [1, 1, 2, 3, 3, 2] <-- 3-block
    2  1.9323562484    16  [1, 1, 2, 2, 4, 2] <-- 3-block
    3  1.9323562484    16  [1, 1, 2, 4, 2, 2] <-- 3-block
    4  1.8998565654     0  [1, 1, 1, 2, 5, 2]
    5  1.8552348283     4  [1, 1, 3, 2, 2, 3]
    6  1.8299918880     0  [1, 1, 3, 2, 3, 2]
    7  1.8299918880     0  [1, 1, 2, 3, 2, 3]
    8  1.8253804682     4  [1, 1, 2, 2, 3, 3]
    9  1.8253804682     4  [1, 1, 3, 3, 2, 2]
   10  1.8245929686     4  [1, 1, 4, 1, 1, 4]
  #orbits with N^2D>=2: 0;  >=1.99: 0;  >=1.95: 1

===== N=7: 245 non-clock orbits; max N^2D = 1.9720950491
  symmetric 3-block values: {'block4': (np.float64(1.9720950491), 25)}
  rank  N^2D          |p_N|^2  gaps
    1  1.9720950491    25  [1, 1, 2, 2, 4, 2, 2] <-- 3-block
    2  1.9558048328     1  [1, 1, 2, 3, 2, 3, 2]
    3  1.9428434372     9  [1, 1, 2, 2, 3, 3, 2]
    4  1.9428434372     9  [1, 1, 2, 3, 3, 2, 2]
    5  1.9321860861    25  [1, 1, 2, 2, 2, 4, 2]
    6  1.9321860861    25  [1, 1, 2, 4, 2, 2, 2]
    7  1.9282610358     9  [1, 1, 1, 1, 2, 6, 2]
    8  1.9059783686     1  [1, 1, 1, 2, 3, 4, 2]
    9  1.9059783686     1  [1, 1, 1, 2, 4, 3, 2]
   10  1.9052692952     1  [1, 1, 1, 2, 5, 2, 2]
  #orbits with N^2D>=2: 0;  >=1.99: 0;  >=1.95: 2

===== N=8: 809 non-clock orbits; max N^2D = 1.9761217503
  symmetric 3-block values: {'block4': (np.float64(1.9663748776), 36), 'block33': (np.float64(1.9761217503), 16)}
  rank  N^2D          |p_N|^2  gaps
    1  1.9761217503    16  [1, 1, 2, 2, 3, 3, 2, 2] <-- 3-block
    2  1.9663748776    36  [1, 1, 2, 2, 2, 4, 2, 2] <-- 3-block
    3  1.9663748776    36  [1, 1, 2, 2, 4, 2, 2, 2] <-- 3-block
    4  1.9572067939     0  [1, 1, 2, 3, 2, 2, 3, 2]
    5  1.9466695840     4  [1, 1, 2, 2, 3, 2, 3, 2]
    6  1.9466695840     4  [1, 1, 2, 3, 2, 3, 2, 2]
    7  1.9447538917     0  [1, 1, 1, 1, 1, 2, 7, 2]
    8  1.9428686793    16  [1, 1, 2, 3, 3, 2, 2, 2]
    9  1.9428686793    16  [1, 1, 2, 2, 2, 3, 3, 2]
   10  1.9358679540    16  [1, 1, 1, 1, 2, 4, 4, 2]
  #orbits with N^2D>=2: 0;  >=1.99: 0;  >=1.95: 4

===== N=9: 2703 non-clock orbits; max N^2D = 1.9832892135
  symmetric 3-block values: {'block4': (np.float64(1.9832892135), 49)}
  rank  N^2D          |p_N|^2  gaps
    1  1.9832892135    49  [1, 1, 2, 2, 2, 4, 2, 2, 2] <-- 3-block
    2  1.9779897763     9  [1, 1, 2, 2, 3, 2, 3, 2, 2]
    3  1.9712118516    25  [1, 1, 2, 2, 2, 3, 3, 2, 2]
    4  1.9712118516    25  [1, 1, 2, 2, 3, 3, 2, 2, 2]
    5  1.9660040379    49  [1, 1, 2, 2, 4, 2, 2, 2, 2]
    6  1.9660040379    49  [1, 1, 2, 2, 2, 2, 4, 2, 2]
    7  1.9613947579    25  [1, 1, 1, 1, 2, 2, 6, 2, 2]
    8  1.9579093531     1  [1, 1, 2, 3, 2, 2, 2, 3, 2]
    9  1.9552289161     9  [1, 1, 1, 1, 1, 1, 2, 8, 2]
   10  1.9501610026     1  [1, 1, 1, 1, 1, 2, 4, 5, 2]
  #orbits with N^2D>=2: 0;  >=1.99: 0;  >=1.95: 11

===== N=10: 9251 non-clock orbits; max N^2D = 1.9854575487
  symmetric 3-block values: {'block4': (np.float64(1.9799809943), 64), 'block33': (np.float64(1.9854575487), 36)}
  rank  N^2D          |p_N|^2  gaps
    1  1.9854575487    36  [1, 1, 2, 2, 2, 3, 3, 2, 2, 2] <-- 3-block
    2  1.9799809943    64  [1, 1, 2, 2, 2, 4, 2, 2, 2, 2] <-- 3-block
    3  1.9799809943    64  [1, 1, 2, 2, 2, 2, 4, 2, 2, 2] <-- 3-block
    4  1.9798792273     0  [1, 1, 1, 1, 1, 2, 2, 7, 2, 2]
    5  1.9789652154     4  [1, 1, 2, 2, 3, 2, 2, 3, 2, 2]
    6  1.9734337979    16  [1, 1, 2, 2, 3, 2, 3, 2, 2, 2]
    7  1.9734337979    16  [1, 1, 2, 2, 2, 3, 2, 3, 2, 2]
    8  1.9709142321    36  [1, 1, 2, 2, 3, 3, 2, 2, 2, 2]
    9  1.9709142321    36  [1, 1, 2, 2, 2, 2, 3, 3, 2, 2]
   10  1.9660179499    64  [1, 1, 2, 2, 2, 2, 2, 4, 2, 2]
  #orbits with N^2D>=2: 0;  >=1.99: 0;  >=1.95: 50

===== N=11: 32065 non-clock orbits; max N^2D = 1.9918104778
  symmetric 3-block values: {'block4': (np.float64(1.9888690636), 81)}
  rank  N^2D          |p_N|^2  gaps
    1  1.9918104778    25  [1, 1, 1, 1, 1, 1, 2, 2, 8, 2, 2]
    2  1.9888690636    81  [1, 1, 2, 2, 2, 2, 4, 2, 2, 2, 2] <-- 3-block
    3  1.9866224512    25  [1, 1, 2, 2, 2, 3, 2, 3, 2, 2, 2]
    4  1.9831385472     1  [1, 1, 1, 1, 1, 2, 2, 5, 4, 2, 2]
    5  1.9831385472     1  [1, 1, 1, 1, 1, 2, 2, 4, 5, 2, 2]
    6  1.9825834895    49  [1, 1, 2, 2, 2, 3, 3, 2, 2, 2, 2]
    7  1.9825834895    49  [1, 1, 2, 2, 2, 2, 3, 3, 2, 2, 2]
    8  1.9823233170     1  [1, 1, 1, 1, 1, 2, 2, 3, 6, 2, 2]
    9  1.9823233170     1  [1, 1, 1, 1, 1, 2, 2, 6, 3, 2, 2]
   10  1.9822111373     1  [1, 1, 1, 1, 1, 2, 2, 2, 7, 2, 2]
  #orbits with N^2D>=2: 0;  >=1.99: 1;  >=1.95: 156

===== N=12: 112719 non-clock orbits; max N^2D = 2.0000177198
  symmetric 3-block values: {'block4': (np.float64(1.9867592792), 100), 'block33': (np.float64(1.9901671516), 64)}
  rank  N^2D          |p_N|^2  gaps
    1  2.0000177198     0  [1, 1, 1, 1, 1, 1, 1, 2, 2, 9, 2, 2]
    2  1.9956053997    16  [1, 1, 1, 1, 1, 1, 2, 2, 5, 5, 2, 2]
    3  1.9951459747     0  [1, 1, 1, 1, 1, 2, 2, 2, 7, 2, 2, 2]
    4  1.9944455129    36  [1, 1, 1, 1, 1, 1, 2, 2, 4, 6, 2, 2]
    5  1.9944455129    36  [1, 1, 1, 1, 1, 1, 2, 2, 6, 4, 2, 2]
    6  1.9938694636    16  [1, 1, 1, 1, 1, 1, 2, 2, 7, 3, 2, 2]
    7  1.9938694635    16  [1, 1, 1, 1, 1, 1, 2, 2, 3, 7, 2, 2]
    8  1.9937906878    36  [1, 1, 1, 1, 1, 1, 2, 2, 8, 2, 2, 2]
    9  1.9937906878    36  [1, 1, 1, 1, 1, 1, 2, 2, 2, 8, 2, 2]
   10  1.9902488740     4  [1, 1, 1, 1, 1, 2, 2, 2, 6, 3, 2, 2]
  #orbits with N^2D>=2: 1;  >=1.99: 12;  >=1.95: 436

Summary: N, max N^2D, argmax gaps, 3-block values
(4, np.float64(1.8483924628021668), [1, 1, 3, 3], {'block4': (np.float64(1.7946940956867365), 4), 'block33': (np.float64(1.8483924628021668), 0)})
(5, np.float64(1.9438833688900556), [1, 1, 2, 4, 2], {'block4': (np.float64(1.9438833688900556), 9)})
(6, np.float64(1.9526286568516298), [1, 1, 2, 3, 3, 2], {'block4': (np.float64(1.9323562484141799), 16), 'block33': (np.float64(1.9526286568516298), 4)})
(7, np.float64(1.9720950491046092), [1, 1, 2, 2, 4, 2, 2], {'block4': (np.float64(1.9720950491046092), 25)})
(8, np.float64(1.9761217503018997), [1, 1, 2, 2, 3, 3, 2, 2], {'block4': (np.float64(1.966374877591079), 36), 'block33': (np.float64(1.9761217503018997), 16)})
(9, np.float64(1.9832892135200386), [1, 1, 2, 2, 2, 4, 2, 2, 2], {'block4': (np.float64(1.9832892135200386), 49)})
(10, np.float64(1.9854575487006512), [1, 1, 2, 2, 2, 3, 3, 2, 2, 2], {'block4': (np.float64(1.9799809942596773), 64), 'block33': (np.float64(1.9854575487006512), 36)})
(11, np.float64(1.9918104777643755), [1, 1, 1, 1, 1, 1, 2, 2, 8, 2, 2], {'block4': (np.float64(1.988869063632593), 81)})
(12, np.float64(2.0000177197543962), [1, 1, 1, 1, 1, 1, 1, 2, 2, 9, 2, 2], {'block4': (np.float64(1.9867592791742934), 100), 'block33': (np.float64(1.99016715158723), 64)})
