== 3-block N=257: N^2D=1.999980
   tau    g/(pi/N)   beta=B/(N^2 g)
   0.000   1.00000   0.20263
   0.203   0.95704   0.21192
   0.406   0.91012   0.22359
   0.610   0.85849   0.23868
   0.813   0.80115   0.25898
   1.016   0.73666   0.28771
   1.219   0.66279   0.33150
   1.422   0.57582   0.40625
   1.625   0.46832   0.56243
   1.829   0.31997   1.08985
== wall N=64 L=34: N^2D=2.092589
   tau    g/(pi/N)   beta=B/(N^2 g)
   0.000   1.00000   0.25975
   0.213   0.96730   0.26488
   0.425   0.93057   0.27068
   0.638   0.88891   0.27729
   0.850   0.84105   0.28486
   1.063   0.78517   0.29356
   1.276   0.71842   0.30361
   1.488   0.63596   0.31526
   1.701   0.52822   0.32876
   1.913   0.36956   0.34433
== wall N=128 L=66: N^2D=2.103587
   tau    g/(pi/N)   beta=B/(N^2 g)
   0.000   1.00000   0.26231
   0.214   0.96765   0.26718
   0.427   0.93124   0.27272
   0.641   0.88984   0.27904
   0.855   0.84221   0.28630
   1.069   0.78649   0.29467
   1.282   0.71982   0.30435
   1.496   0.63736   0.31559
   1.710   0.52949   0.32862
   1.923   0.37050   0.34364
== wall N=256 L=130: N^2D=2.109115
   tau    g/(pi/N)   beta=B/(N^2 g)
   0.000   1.00000   0.26357
   0.214   0.96783   0.26831
   0.429   0.93157   0.27371
   0.643   0.89031   0.27989
   0.857   0.84279   0.28700
   1.071   0.78714   0.29520
   1.286   0.72052   0.30470
   1.500   0.63805   0.31573
   1.714   0.53012   0.32853
   1.928   0.37097   0.34327
Y-ODE with the empirical beta(tau) of the N=256 wall: Y at tau_end=2.1070 is 0.00169; zero event: []
(Y should reach 0 exactly at N^2D if the mean-value-type inequality were an equality; the gap between the Y-zero and N^2D measures the loss in B<=g S*, here none since beta is the exact ratio.)
