== search section: independent stochastic search for anything above the run|clock|hole family
  N=13: family best 2.0079088 (k=3); search best 2.0079088 [1, 1, 1, 1, 1, 1, 2, 2, 2, 8, 2, 2, 2]; 4113 evals [65s]
        2.0079088 [1, 1, 1, 1, 1, 1, 2, 2, 2, 8, 2, 2, 2]
        2.0059396 [1, 1, 1, 1, 1, 1, 1, 1, 2, 2, 10, 2, 2]
        2.0030058 [1, 1, 1, 1, 1, 1, 1, 2, 2, 5, 6, 2, 2]
        2.0028653 [1, 1, 1, 1, 1, 1, 2, 2, 2, 7, 3, 2, 2]
        2.0025686 [1, 1, 1, 1, 1, 1, 2, 2, 3, 6, 3, 2, 2]
  N=14: family best 2.0167610 (k=3); search best 2.0167610 [1, 1, 1, 1, 1, 1, 1, 2, 2, 2, 9, 2, 2, 2]; 4430 evals [68s]
        2.0167610 [1, 1, 1, 1, 1, 1, 1, 2, 2, 2, 9, 2, 2, 2]
        2.0116184 [1, 1, 1, 1, 1, 1, 1, 2, 2, 2, 8, 3, 2, 2]
        2.0113962 [1, 1, 1, 1, 1, 1, 1, 2, 2, 3, 7, 3, 2, 2]
        2.0103723 [1, 1, 1, 1, 1, 1, 1, 1, 1, 2, 2, 11, 2, 2]
        2.0097133 [1, 1, 1, 1, 1, 1, 2, 2, 2, 4, 6, 2, 2, 2]
  N=15: family best 2.0231992 (k=3); search best 2.0187794 [1, 1, 1, 1, 1, 1, 1, 2, 2, 2, 5, 6, 2, 2, 2]; 4863 evals [75s]
        2.0231992 [1, 1, 1, 1, 1, 1, 1, 1, 2, 2, 2, 10, 2, 2, 2]
        2.0187794 [1, 1, 1, 1, 1, 1, 1, 2, 2, 2, 5, 6, 2, 2, 2]
        2.0183150 [1, 1, 1, 1, 1, 1, 1, 2, 2, 2, 4, 7, 2, 2, 2]
        2.0179869 [1, 1, 1, 1, 1, 1, 1, 1, 2, 2, 2, 9, 3, 2, 2]
        2.0178175 [1, 1, 1, 1, 1, 1, 1, 1, 2, 2, 3, 8, 3, 2, 2]
  N=16: family best 2.0280554 (k=3); search best 2.0259184 [1, 1, 1, 1, 1, 1, 1, 2, 2, 2, 2, 9, 2, 2, 2, 2]; 5123 evals [80s]
        2.0280554 [1, 1, 1, 1, 1, 1, 1, 1, 1, 2, 2, 2, 11, 2, 2, 2]
        2.0259184 [1, 1, 1, 1, 1, 1, 1, 2, 2, 2, 2, 9, 2, 2, 2, 2]
        2.0254612 [1, 1, 1, 1, 1, 1, 1, 1, 2, 2, 2, 6, 6, 2, 2, 2]
        2.0243589 [1, 1, 1, 1, 1, 1, 1, 1, 2, 2, 2, 3, 9, 2, 2, 2]
        2.0243337 [1, 1, 1, 1, 1, 1, 1, 1, 2, 2, 2, 2, 10, 2, 2, 2]
  N=18: family best 2.0378406 (k=4); search best 2.0295053 [1, 1, 1, 1, 1, 1, 1, 1, 2, 2, 2, 2, 2, 8, 4, 2, 2, 2]; 5237 evals [82s]
        2.0378406 [1, 1, 1, 1, 1, 1, 1, 1, 1, 2, 2, 2, 2, 11, 2, 2, 2, 2]
        2.0348193 [1, 1, 1, 1, 1, 1, 1, 1, 1, 1, 1, 2, 2, 2, 13, 2, 2, 2]
        2.0315586 [1, 1, 1, 1, 1, 1, 1, 2, 2, 2, 2, 2, 9, 2, 2, 2, 2, 2]
        2.0295053 [1, 1, 1, 1, 1, 1, 1, 1, 2, 2, 2, 2, 2, 8, 4, 2, 2, 2]
        2.0295050 [1, 1, 1, 1, 1, 1, 1, 1, 1, 2, 2, 2, 8, 3, 3, 3, 2, 2]
  N=20: family best 2.0450484 (k=4); search best 2.0404731 [1, 1, 1, 1, 1, 1, 1, 1, 1, 1, 2, 2, 2, 3, 5, 7, 3, 2, 2, 2]; 5241 evals [81s]
        2.0450484 [1, 1, 1, 1, 1, 1, 1, 1, 1, 1, 1, 2, 2, 2, 2, 13, 2, 2, 2, 2]
        2.0439322 [1, 1, 1, 1, 1, 1, 1, 1, 1, 2, 2, 2, 2, 2, 11, 2, 2, 2, 2, 2]
        2.0404731 [1, 1, 1, 1, 1, 1, 1, 1, 1, 1, 2, 2, 2, 3, 5, 7, 3, 2, 2, 2]
        2.0392387 [1, 1, 1, 1, 1, 1, 1, 1, 1, 1, 1, 1, 1, 2, 2, 2, 15, 2, 2, 2]
        2.0391637 [1, 1, 1, 1, 1, 1, 1, 1, 1, 1, 2, 2, 2, 2, 7, 5, 4, 2, 2, 2]
  N=32 k=7: family value 2.0708192; best over 248 distinct 1-move neighbours: 2.0708192 (the family itself)  [4s]
  N=48 k=11: family value 2.0853005; best over 564 distinct 1-move neighbours: 2.0853005 (the family itself)  [11s]
