
=== A. V(b) from the PHYSICAL pair measures (no Poisson summation), vs Astra's closed forms (8),(10),(12) ===
b=1.0: V_sine phys=1.26424112151665503538914397146  closed=1.26424111765711535680895245968
      V_AH   phys=1.23726960001935082064079821422  closed=1.23726960001935082064079821422  partial-fractions=1.23726960001935082064079821422
      nuisance(p0=1.3) phys=0.510550876943592927080305657972  Astra(12)=2(p0-1)/sinh b=0.510550876943592927080305657972
b=2.0: V_sine phys=0.432332366100519779218487622738  closed=0.432332358381693654053000252514
      V_AH   phys=0.41811179870543053993753890607  closed=0.41811179870543053993753890607  partial-fractions=0.41811179870543053993753890607
      nuisance(p0=1.3) phys=0.165432338863069924655010889298  Astra(12)=2(p0-1)/sinh b=0.165432338863069924655010889298
b=0.7: V_sine phys=2.05475386477757237472004323773  closed=2.05475386207587953181714247593
      V_AH   phys=2.02758304125704660088292493085  closed=2.02758304125704660088292493084  partial-fractions=2.02758304125704660088292493085
      nuisance(p0=1.3) phys=0.790947654879778314990988572927  Astra(12)=2(p0-1)/sinh b=0.790947654879778314990988572927

=== B. W = sinh2 V(2) - sinh1 V(1)  [Astra (13)]  and its Fourier form int K F with K = sinh2 e^{-2|a|} - sinh1 e^{-|a|} ===
W_GUE = 0.0822714431214773232487733005552   Astra(15): 0.0822714431214773232487733005554
W_AH  = 0.0623924179764985431237712221837   Astra(15): 0.0623924179764985431237712221841
W_AH with p0=1.29 (physical sums): 0.0623924179764985431237712221841   (p0-independence check)
1/16 - W_AH = 0.000107582023501456876228777816298    W_GUE - W_AH = 0.0198790251449787801250020783715   Astra(14) H(2)-H(1): 0.0198790251449787801250020783715
alpha_0 = log(2 cosh 1) = 1.12692801104297249644372680636   K(alpha_0) = 0.0
Fourier side: W_GUE = 0.0822714431214773232487733005551  W_AH = 0.0623924108673126752591199062905
odd-atom (p0 nuisance) weight  2 sum_{m>=0} K(2m+1) = -7.18009096826615513155802576215e-32  (must be 0)

=== C. GGM constant and the c-normalisation  I_T(c) ~ T log^2 T * int_0^inf e^{-2 c a} F(a) da ===
c=1.0: int_0^inf e^(-2ca) min(a,1) da = 0.216166179190846827026500126257  vs (1-e^(-2c))/(4c^2) = 0.216166179190846827026500126257  vs V_sine(2c)/2 = 0.216166179190846827026500126257
c=0.5: int_0^inf e^(-2ca) min(a,1) da = 0.632120558828557678404476229839  vs (1-e^(-2c))/(4c^2) = 0.632120558828557678404476229839  vs V_sine(2c)/2 = 0.632120558828557678404476229839
W_GUE via 2[sinh2 (1-e^-2)/4 - sinh1 (1-e^-1)] = 0.0822714431214773232487733005552

=== D. push_D table constants, recomputed ===
B = 0.456093979329231721501632816219  closed: 0.456093979329231721501632816219
2int_1^a0 K(3/2-a) = 0.00320146468510288829776481340958   2int_1^a0 K = 0.00697454177012804580686962563825   2int_1^a0 K(2-a) = 0.00668873557016691120119962622871
2int_{a0}^inf K = -0.380797077977882444059729141302   = -tanh(1)/2 ? -0.380797077977882444059729141302
AH atoms 2 sum K(2m) = -0.232544157934829629701524275189   = e^-2 - e^-1 ? -0.232544157934829629701524275189
AH continuous part of W = 0.29493656880214230496064418148   AH tail = -0.400390296922900089579061220264  = cont -0.167846138988070459877536945075 + atoms -0.232544157934829629701524275189
W_GUE - B = -0.373822536207754398252859515664   W_AH - B = -0.393701561352733178377861594036   1/16 - B = -0.393593979329231721501632816219
needed tail with Goldston floor: -0.396795444014334609799397629629   without: -0.393593979329231721501632816219
u* (Goldston) = 1.04201283823239154959976599056   u* (no Goldston) = 1.03360556603875135414949330194   AH |K|-average = 1.0514531756626443021454991244   GUE = 1.0
cap F<=1 on (a0,inf), floor 0 on (1,a0): W = 0.0752969013513492774419036749169    with Goldston floor: 0.0784983660364521657396684883265
2|K(2)| = 0.18523584174363204514522702697   fraction of |K|-weight on (a0,2.5]: 0.557519757190092734034484122326
decomposition of W_GUE - W_AH: (1,a0): 0.000285806199961134605669999409547   tail cont: -0.212950938989811984182192196227   atoms: 0.232544157934829629701524275189   total: 0.0198790251449787801250020783715

=== E. physical kernel k(u) = inverse FT of K; nonnegativity; trivial bound ===
k(0)= 1.27645802055941585390345028161  = sinh2 - 2 sinh1 = 1.27645802055941585390345028161   K(0) = sinh2 - sinh1 = 2.45165921420321731078583213221   int k du = 2.45165921420321731078583213221
k>=0 condition, correct form: constant term 1.27645802055941585390345028161 >=0 and u^2-coefficient 119.985168027790069521967592305 >0
push_D's displayed condition '4pi^2u^2(sinh2 - sinh1) >= 2 sinh1(2-2cosh1)': LHS coef 96.7876262818854086405011463981  RHS -2.55291604111883170780690056322  -> conclusion true but the algebra differs from the cross-multiplied inequality
min k on grid: 0.000770400263724180556330362477475   k(0) - K(0) = -sinh1 ? -1.1752011936438014568823818506 -1.1752011936438014568823818506

=== F. Goldston/GGOS floor and F_AH; the AH family with p0 in [1, 3/2-2/pi^2] ===
min over [1,3/2] of F_AH - (3/2-|a|) = min (2-a)-(3/2-a) = 1/2 > 0 : trivially satisfied
p0 range upper end 3/2 - 2/pi^2 = 1.29735763271532445711224107358 ; odd-atom mass 2(p0-1) up to 0.594715265430648914224482147161

=== G. push_D LP minimisers (push_D_lp_gold{0,1}.json): feasibility off-grid and beyond u=400, W recomputed ===
push_D_lp_gold0.json: reported W=0.020696 recomputed W=0.020696; cells=220 widths=[np.float64(0.02), np.float64(0.05), np.float64(0.1)] (push_D text says 0.01/0.02/0.05)
   min R on the 0.002 check grid: -2.42e-12;  min R at grid MIDPOINTS: -2.04e-03 at u=2.9730
   u>400: |sum (x-1) cc(u)| <= 0.404 < 1 - 1/(pi*400)^2, so R>0 for all u>400 (rigorous 1/u bound)
   total mass on (1,12]: 11.571; mass in 'near-atom' cells (>0.1): 6.943 in 38 cells
push_D_lp_gold1.json: reported W=0.023579 recomputed W=0.023579; cells=220 widths=[np.float64(0.02), np.float64(0.05), np.float64(0.1)] (push_D text says 0.01/0.02/0.05)
   min R on the 0.002 check grid: -6.46e-13;  min R at grid MIDPOINTS: -1.55e-03 at u=2.9030
   u>400: |sum (x-1) cc(u)| <= 0.326 < 1 - 1/(pi*400)^2, so R>0 for all u>400 (rigorous 1/u bound)
   total mass on (1,12]: 11.668; mass in 'near-atom' cells (>0.1): 7.842 in 45 cells

Done.
