== gamma section: direct-convolution heat flow of q_0(u) = cos(u/2)/Gamma(u/2pi)   [no Hankel integral]
  h=0.05: q(0.3,2.1) = 0.000395716585738
  h=0.02: q(0.3,2.1) = 0.000395716585737
  h=0.01: q(0.3,2.1) = 0.000395716585738
  heat-equation check at (u,tau)=(0.3,1.0): q_uu=-0.024029672198  dq/dtau (FD)=-0.024029672197
  heat-equation check at (u,tau)=(2.0,2.0): q_uu=-0.068654789381  dq/dtau (FD)=-0.068654789383
  heat-equation check at (u,tau)=(-4.0,1.5): q_uu=-0.025610987941  dq/dtau (FD)=-0.025610987941
  Hankel vs convolution at (u,tau)=(0.3,2.1): conv=0.000395716586  hankel=0.0003957165857375  diff=-4.74e-17
  Hankel vs convolution at (u,tau)=(1.5,1.0): conv=0.059410816353  hankel=0.05941081635319  diff=-9.28e-15
  Hankel vs convolution at (u,tau)=(-2.5,2.0): conv=-0.009871090323  hankel=-0.009871090323091  diff=1.53e-15
  Hankel vs convolution at (u,tau)=(0.29,2.114): conv=0.000017588937  hankel=1.758893728044e-5  diff=-1.08e-17
  Hankel vs convolution at (u,tau)=(-7.0,2.0): conv=-0.018194068904  hankel=-0.01819406890374  diff=2.82e-15
  zeros on [-10pi,6pi] (grid step 0.02) and the smallest gap:
    tau=1e-06  : 14 zeros; min gap 1.00000 pi at (-10.0000,-9.0000) pi; zeros/pi: [-10.0, -9.0, -8.0, -7.0, -6.0, -5.0, -4.0, -3.0, -2.0, -1.0, 0.0, 1.0, 3.0, 5.0]
    tau=0.5    : 14 zeros; min gap 0.91905 pi at (-0.0303,0.8887) pi; zeros/pi: [-9.914, -8.918, -7.924, -6.93, -5.936, -4.944, -3.953, -2.964, -1.979, -0.999, -0.03, 0.889, 3.001, 5.035]
    tau=1.0    : 14 zeros; min gap 0.80806 pi at (-0.0598,0.7483) pi; zeros/pi: [-9.827, -8.837, -7.847, -6.859, -5.873, -4.888, -3.907, -2.929, -1.957, -0.997, -0.06, 0.748, 3.002, 5.071]
    tau=1.5    : 14 zeros; min gap 0.64042 pi at (-0.0771,0.5633) pi; zeros/pi: [-9.741, -8.755, -7.771, -6.789, -5.809, -4.832, -3.86, -2.893, -1.936, -0.994, -0.077, 0.563, 3.002, 5.106]
    tau=2.0    : 14 zeros; min gap 0.29884 pi at (-0.0259,0.2730) pi; zeros/pi: [-9.654, -8.673, -7.695, -6.718, -5.745, -4.776, -3.812, -2.856, -1.912, -0.988, -0.026, 0.273, 3.002, 5.141]
    tau=2.1    : 14 zeros; min gap 0.10874 pi at (0.0429,0.1517) pi; zeros/pi: [-9.637, -8.657, -7.679, -6.704, -5.732, -4.765, -3.803, -2.849, -1.907, -0.986, 0.043, 0.152, 3.002, 5.148]
    tau=2.11   : 14 zeros; min gap 0.06144 pi at (0.0639,0.1254) pi; zeros/pi: [-9.635, -8.655, -7.678, -6.703, -5.731, -4.764, -3.802, -2.848, -1.907, -0.986, 0.064, 0.125, 3.002, 5.149]
    tau=2.114  : 14 zeros; min gap 0.02321 pi at (0.0820,0.1052) pi; zeros/pi: [-9.634, -8.655, -7.677, -6.702, -5.731, -4.763, -3.801, -2.848, -1.907, -0.986, 0.082, 0.105, 3.002, 5.149]
    tau=2.1146 : 14 zeros; min gap 0.00725 pi at (0.0898,0.0970) pi; zeros/pi: [-9.634, -8.655, -7.677, -6.702, -5.73, -4.763, -3.801, -2.848, -1.907, -0.986, 0.09, 0.097, 3.002, 5.149]
  wall: tau* = 2.1146648843  u* = 0.0933842 pi  (pair before: 0.0820,0.1052 pi at tau=2.114; count 5 -> 3; q_uu=-0.0268)  mp-refined: tau* = 2.114664884289, u*/pi = 0.0933842077
  ==> C* (mine) vs doc 2.1146648843: difference -1.075e-11
  high-precision re-solve (dps 30, 48-node GL x 90 panels, R=50): C* = 2.11466488428925, u_c/pi = 0.093384207713, q_uu = -0.026797323
  zeros in (-pi/2,3pi/2) at tau=2.114565: 2  [0.0889, 0.0979]
  zeros in (-pi/2,3pi/2) at tau=2.114765: 0  []
  zeros in (-pi/2,3pi/2) at tau=2.134665: 0  []
